gpio-uclass.c:857:12:gpio_post_bind	0	static
gpio-uclass.c:496:12:get_function	24	static
gpio-uclass.c:29:12:gpio_to_device	24	static
gpio-uclass.c:273:12:check_reserved	24	static
gpio-uclass.c:795:12:gpio_renumber	24	static
gpio-uclass.c:843:12:gpio_pre_remove	16	static
gpio-uclass.c:832:12:gpio_post_probe	8	static
gpio-uclass.c:52:5:dm_gpio_lookup_name	40	static
gpio-uclass.c:91:5:gpio_lookup_name	32	static
gpio-uclass.c:116:5:gpio_xlate_offs_flags	0	static
gpio-uclass.c:144:5:dm_gpio_request	24	static
gpio-uclass.c:169:12:dm_gpio_requestf	60	static
gpio-uclass.c:196:5:gpio_request	24	static
gpio-uclass.c:218:5:gpio_requestf	60	static
gpio-uclass.c:233:5:_dm_gpio_free	16	static
gpio-uclass.c:261:5:gpio_free	24	static
gpio-uclass.c:300:5:gpio_direction_input	24	static
gpio-uclass.c:324:5:gpio_direction_output	24	static
gpio-uclass.c:340:5:dm_gpio_get_value	8	static
gpio-uclass.c:354:5:dm_gpio_set_value	16	static
gpio-uclass.c:368:5:dm_gpio_get_open_drain	16	static
gpio-uclass.c:383:5:dm_gpio_set_open_drain	16	static
gpio-uclass.c:400:5:dm_gpio_set_dir_flags	24	static
gpio-uclass.c:643:12:gpio_request_tail	40	static
gpio-uclass.c:430:5:dm_gpio_set_dir	0	static
gpio-uclass.c:444:5:gpio_get_value	24	static
gpio-uclass.c:465:5:gpio_set_value	24	static
gpio-uclass.c:476:13:gpio_get_bank_info	8	static
gpio-uclass.c:525:5:gpio_get_function	0	static
gpio-uclass.c:530:5:gpio_get_raw_function	0	static
gpio-uclass.c:535:5:gpio_get_status	64	static
gpio-uclass.c:574:5:gpio_claim_vector	24	static
gpio-uclass.c:605:5:gpio_get_values_as_int	24	static
gpio-uclass.c:625:5:dm_gpio_get_values_as_int	32	static
gpio-uclass.c:699:5:gpio_request_by_name_nodev	112	static
gpio-uclass.c:706:5:gpio_request_by_name	112	static
gpio-uclass.c:757:5:gpio_get_list_count	24	static
gpio-uclass.c:772:5:dm_gpio_free	0	static
gpio-uclass.c:778:5:gpio_free_list	24	static
gpio-uclass.c:789:5:gpio_free_list_nodev	0	static
gpio-uclass.c:719:5:gpio_request_list_by_name_nodev	128	static
gpio-uclass.c:744:5:gpio_request_list_by_name	16	static
gpio-uclass.c:820:5:gpio_get_number	0	static
