cfb_console.c:319:13:video_drawchars	40	static
cfb_console.c:520:13:video_invertchar	16	static
cfb_console.c:669:13:console_cursor_fix	0	static
cfb_console.c:705:13:console_cursor_set_position	0	static
cfb_console.c:721:13:console_swap_colors	0	static
cfb_console.c:1124:13:draw_bitmap	24	static
cfb_console.c:574:13:console_clear_line	16	static
cfb_console.c:740:13:console_newline	16	static
cfb_console.c:313:12:board_cfb_skip	0	static
cfb_console.c:535:6:console_cursor	32	static
cfb_console.c:513:13:video_set_cursor	8	static
cfb_console.c:757:13:parse_putc	32	static
cfb_console.c:806:13:cfb_video_putc	32	static
cfb_console.c:1020:13:cfb_video_puts	24	static
cfb_console.c:1042:13:video_set_lut	0	static
cfb_console.c:1161:12:display_rle8_bitmap	1088	static
cfb_console.c:1725:13:plot_logo_or_black	40	static
cfb_console.c:1710:12:do_clrlogo	8	static
cfb_console.c:1314:5:video_display_bitmap	56	static
cfb_console.c:2000:6:video_clear	0	static
cfb_console.c:2128:12:board_video_skip	0	static
cfb_console.c:2134:5:drv_video_init	168	static
cfb_console.c:2189:6:video_position_cursor	0	static
cfb_console.c:2195:5:video_get_pixel_width	0	static
cfb_console.c:2200:5:video_get_pixel_height	0	static
cfb_console.c:2205:5:video_get_screen_rows	0	static
cfb_console.c:2210:5:video_get_screen_columns	0	static
