Archive member included to satisfy reference by file (symbol)

arch/arm/lib/lib.a(ashldi3.o)
                              drivers/built-in.o (__aeabi_llsl)
arch/arm/lib/lib.a(ashrdi3.o)
                              drivers/mtd/nand/raw/built-in.o (__aeabi_lasr)
arch/arm/lib/lib.a(lib1funcs.o)
                              arch/arm/mach-imx/built-in.o (__aeabi_uidiv)
arch/arm/lib/lib.a(lshrdi3.o)
                              cmd/built-in.o (__aeabi_llsr)
arch/arm/lib/lib.a(uldivmod.o)
                              lib/built-in.o (__aeabi_uldivmod)
arch/arm/lib/lib.a(div0.o)    arch/arm/lib/lib.a(lib1funcs.o) (__div0)

Discarded input sections

 .data          0x0000000000000000        0x0 arch/arm/cpu/armv7/start.o
 .bss           0x0000000000000000        0x0 arch/arm/cpu/armv7/start.o
 .text.v7_arch_cp15_set_l2aux_ctrl
                0x0000000000000000        0x8 arch/arm/cpu/armv7/built-in.o
 .text.v7_arch_cp15_set_acr
                0x0000000000000000        0x8 arch/arm/cpu/armv7/built-in.o
 .text.sdelay   0x0000000000000000        0xc arch/arm/cpu/armv7/built-in.o
 .text.wait_on_value
                0x0000000000000000       0x38 arch/arm/cpu/armv7/built-in.o
 .text.s_init   0x0000000000000000        0x4 arch/arm/cpu/armv7/built-in.o
 .data          0x0000000000000000        0x0 arch/arm/cpu/armv7/built-in.o
 .bss           0x0000000000000000        0x0 arch/arm/cpu/armv7/built-in.o
 .text.armv7_boot_nonsec_default
                0x0000000000000000        0x8 arch/arm/lib/built-in.o
 .text.reset_misc
                0x0000000000000000        0x4 arch/arm/lib/built-in.o
 .text.enable_caches
                0x0000000000000000        0xc arch/arm/lib/built-in.o
 .text.invalidate_dcache_range
                0x0000000000000000        0x4 arch/arm/lib/built-in.o
 .text.flush_dcache_range
                0x0000000000000000        0x4 arch/arm/lib/built-in.o
 .text.flush_dcache_all
                0x0000000000000000        0xc arch/arm/lib/built-in.o
 .text.arm_init_before_mmu
                0x0000000000000000        0x4 arch/arm/lib/built-in.o
 .text.mmu_page_table_flush
                0x0000000000000000        0x4 arch/arm/lib/built-in.o
 .text.fdt_psci
                0x0000000000000000        0x8 arch/arm/lib/built-in.o
 .data          0x0000000000000000        0x0 arch/arm/lib/built-in.o
 .__secure_end  0x0000000000000000        0x0 arch/arm/lib/built-in.o
 .__secure_stack_start
                0x0000000000000000        0x0 arch/arm/lib/built-in.o
 .__secure_stack_end
                0x0000000000000000        0x0 arch/arm/lib/built-in.o
 .__secure_start
                0x0000000000000000        0x0 arch/arm/lib/built-in.o
 .bss           0x0000000000000000        0x0 arch/arm/lib/built-in.o
 .text          0x0000000000000000        0x0 arch/arm/mach-imx/built-in.o
 .text.imx_iomux_set_gpr_register
                0x0000000000000000       0x48 arch/arm/mach-imx/built-in.o
 .text.cpu_eth_init
                0x0000000000000000        0x4 arch/arm/mach-imx/built-in.o
 .text.cpu_mmc_init
                0x0000000000000000        0x4 arch/arm/mach-imx/built-in.o
 .text.set_chipselect_size
                0x0000000000000000       0x8c arch/arm/mach-imx/built-in.o
 .text.force_idle_bus
                0x0000000000000000      0x1c4 arch/arm/mach-imx/built-in.o
 .text.setup_i2c
                0x0000000000000000       0xb0 arch/arm/mach-imx/built-in.o
 .text.imx_sec_init
                0x0000000000000000        0x4 arch/arm/mach-imx/built-in.o
 .text.imx6_src_get_boot_mode
                0x0000000000000000       0x1c arch/arm/mach-imx/built-in.o
 .text.usec2ticks
                0x0000000000000000       0x64 arch/arm/mach-imx/built-in.o
 .text.get_nr_cpus
                0x0000000000000000       0x14 arch/arm/mach-imx/built-in.o
 .text.gpr_init
                0x0000000000000000       0xe0 arch/arm/mach-imx/built-in.o
 .text.enable_uart_clk
                0x0000000000000000       0x68 arch/arm/mach-imx/built-in.o
 .text.enable_usdhc_clk
                0x0000000000000000       0x4c arch/arm/mach-imx/built-in.o
 .text.enable_spi_clk
                0x0000000000000000       0x44 arch/arm/mach-imx/built-in.o
 .text.enable_lvds_bridge
                0x0000000000000000      0x24c arch/arm/mach-imx/built-in.o
 .text.enable_ipu_clock
                0x0000000000000000       0xc0 arch/arm/mach-imx/built-in.o
 .text.mx6_ecspi_fused
                0x0000000000000000       0x78 arch/arm/mach-imx/built-in.o
 .text.mx6_uart_fused
                0x0000000000000000       0xb4 arch/arm/mach-imx/built-in.o
 .rodata.__func__.9819
                0x0000000000000000        0xf arch/arm/mach-imx/built-in.o
 .data          0x0000000000000000        0x0 arch/arm/mach-imx/built-in.o
 .bss           0x0000000000000000        0x0 arch/arm/mach-imx/built-in.o
 .text          0x0000000000000000        0x0 board/freescale/common/built-in.o
 .data          0x0000000000000000        0x0 board/freescale/common/built-in.o
[...]
Memory Configuration

Name             Origin             Length             Attributes
*default*        0x0000000000000000 0xffffffffffffffff

Linker script and memory map

Address of section .text set to 0x87800000
                0x0000000000000000                . = 0x0
                0x0000000000000000                . = ALIGN (0x4)

.text           0x0000000087800000      0x3c0
 *(.__image_copy_start)
 .__image_copy_start
                0x0000000087800000        0x0 arch/arm/lib/built-in.o
                0x0000000087800000                __image_copy_start
 *(.vectors)
 .vectors       0x0000000087800000      0x300 arch/arm/lib/built-in.o
                0x0000000087800000                _start
                0x0000000087800020                _undefined_instruction
                0x0000000087800024                _software_interrupt
                0x0000000087800028                _prefetch_abort
                0x000000008780002c                _data_abort
                0x0000000087800030                _not_used
                0x0000000087800034                _irq
                0x0000000087800038                _fiq
                0x0000000087800040                IRQ_STACK_START_IN
 arch/arm/cpu/armv7/start.o(.text*)
 .text          0x0000000087800300       0xc0 arch/arm/cpu/armv7/start.o
                0x0000000087800300                reset
                0x0000000087800304                save_boot_params_ret
                0x0000000087800340                c_runtime_cpu_setup
                0x0000000087800350                save_boot_params
                0x0000000087800354                cpu_init_cp15
                0x00000000878003b4                cpu_init_crit

.glue_7         0x00000000878003c0        0x0
 .glue_7        0x00000000878003c0        0x0 linker stubs

.glue_7t        0x00000000878003c0        0x0
 .glue_7t       0x00000000878003c0        0x0 linker stubs

.vfp11_veneer   0x00000000878003c0        0x0
 .vfp11_veneer  0x00000000878003c0        0x0 linker stubs

.v4_bx          0x00000000878003c0        0x0
 .v4_bx         0x00000000878003c0        0x0 linker stubs

.iplt           0x00000000878003c0        0x0
 .iplt          0x00000000878003c0        0x0 arch/arm/cpu/armv7/start.o

.__efi_runtime_start
                0x00000000878003c0        0x0
 *(.__efi_runtime_start)
 .__efi_runtime_start
                0x00000000878003c0        0x0 arch/arm/lib/built-in.o

.efi_runtime    0x00000000878003c0      0x7c0
 *(.text.efi_runtime*)
 .text.efi_runtime
                0x00000000878003c0      0x14c lib/built-in.o
                0x00000000878003c0                efi_reset_system
                0x00000000878003c4                efi_get_time
                0x00000000878003e4                efi_update_capsule
                0x00000000878003ec                efi_query_capsule_caps
                0x00000000878003f4                efi_query_variable_info
                0x00000000878003fc                efi_update_table_header_crc32
                0x0000000087800420                crc32_no_comp
                0x00000000878004f8                crc32
 .text.efi_runtime_relocate
                0x000000008780050c      0x16c lib/built-in.o
                0x000000008780050c                efi_runtime_relocate
 *(.rodata.efi_runtime*)
 .rodata.efi_runtime_detach_list
                0x0000000087800678       0x50 lib/built-in.o
 *(.data.efi_runtime*)
 .data.efi_runtime
                0x00000000878006c8      0x4b0 lib/built-in.o
                0x00000000878006c8                systab
                0x0000000087800728                efi_runtime_services
 .data.efi_runtime_mmio
                0x0000000087800b78        0x8 lib/built-in.o
                0x0000000087800b78                efi_runtime_mmio

.__efi_runtime_stop
                0x0000000087800b80        0x0
 *(.__efi_runtime_stop)
 .__efi_runtime_stop
                0x0000000087800b80        0x0 arch/arm/lib/built-in.o

.text_rest      0x0000000087800b80    0x8ea78
 *(.text*)
 .text          0x0000000087800b80      0x158 arch/arm/cpu/armv7/built-in.o
                0x0000000087800b80                __v7_flush_dcache_all
                0x0000000087800c14                v7_flush_dcache_all
                0x0000000087800c24                __v7_invalidate_dcache_all
                0x0000000087800cb8                v7_invalidate_dcache_all
                0x0000000087800cc8                allow_unaligned
 .text.invalidate_icache_all
                0x0000000087800cd8       0x18 arch/arm/cpu/armv7/built-in.o
                0x0000000087800cd8                invalidate_icache_all
 .text.v7_outer_cache_enable
                0x0000000087800cf0        0x4 arch/arm/cpu/armv7/built-in.o
                0x0000000087800cf0                v7_outer_cache_enable
 .text.v7_outer_cache_disable
                0x0000000087800cf4        0x4 arch/arm/cpu/armv7/built-in.o
                0x0000000087800cf4                v7_outer_cache_disable
 .text.v7_outer_cache_flush_all
                0x0000000087800cf8        0x4 arch/arm/cpu/armv7/built-in.o
                0x0000000087800cf8                v7_outer_cache_flush_all
 .text.flush_dcache_all
                0x0000000087800cfc       0x10 arch/arm/cpu/armv7/built-in.o
                0x0000000087800cfc                flush_dcache_all
 .text.v7_outer_cache_inval_all
                0x0000000087800d0c        0x4 arch/arm/cpu/armv7/built-in.o
                0x0000000087800d0c                v7_outer_cache_inval_all
 .text.invalidate_dcache_all
                0x0000000087800d10       0x10 arch/arm/cpu/armv7/built-in.o
                0x0000000087800d10                invalidate_dcache_all
 .text.arm_init_before_mmu
                0x0000000087800d20       0x28 arch/arm/cpu/armv7/built-in.o
                0x0000000087800d20                arm_init_before_mmu
 .text.v7_outer_cache_flush_range
                0x0000000087800d48        0x4 arch/arm/cpu/armv7/built-in.o
                0x0000000087800d48                v7_outer_cache_flush_range
 .text.flush_dcache_range
                0x0000000087800d4c       0x54 arch/arm/cpu/armv7/built-in.o
                0x0000000087800d4c                flush_dcache_range
 .text.mmu_page_table_flush
                0x0000000087800da0       0x24 arch/arm/cpu/armv7/built-in.o
                0x0000000087800da0                mmu_page_table_flush
 .text.v7_outer_cache_inval_range
                0x0000000087800dc4        0x4 arch/arm/cpu/armv7/built-in.o
                0x0000000087800dc4                v7_outer_cache_inval_range
 .text.invalidate_dcache_range
                0x0000000087800dc8       0x64 arch/arm/cpu/armv7/built-in.o
                0x0000000087800dc8                invalidate_dcache_range
 .text.cpu_cache_initialization
                0x0000000087800e2c        0x4 arch/arm/cpu/armv7/built-in.o
                0x0000000087800e2c                cpu_cache_initialization
 .text.cleanup_before_linux_select
                0x0000000087800e30       0x4c arch/arm/cpu/armv7/built-in.o
                0x0000000087800e30                cleanup_before_linux_select
 .text.cleanup_before_linux
                0x0000000087800e7c        0x8 arch/arm/cpu/armv7/built-in.o
                0x0000000087800e7c                cleanup_before_linux
 .text.lowlevel_init
                0x0000000087800e84       0x24 arch/arm/cpu/armv7/built-in.o
                0x0000000087800e84                lowlevel_init
 *fill*         0x0000000087800ea8       0x18 
 .text          0x0000000087800ec0      0x530 arch/arm/lib/built-in.o
                0x0000000087800ec0                _main
                0x0000000087800f60                memset
                0x0000000087801040                memcpy
 .text.setjmp   0x00000000878013f0       0x10 arch/arm/lib/built-in.o
                0x00000000878013f0                setjmp
 .text.longjmp  0x0000000087801400       0x1c arch/arm/lib/built-in.o
                0x0000000087801400                longjmp
 .text.relocate_vectors
                0x000000008780141c       0x70 arch/arm/lib/built-in.o
                0x000000008780141c                relocate_vectors
                0x0000000087801428                relocate_code
 .text.arch_fixup_fdt
                0x000000008780148c       0x38 arch/arm/lib/built-in.o
                0x000000008780148c                arch_fixup_fdt
 .text.setup_initrd_tag.isra.2
                0x00000000878014c4       0x40 arch/arm/lib/built-in.o
 .text.arch_lmb_reserve
                0x0000000087801504       0x50 arch/arm/lib/built-in.o
                0x0000000087801504                arch_lmb_reserve
 .text.board_quiesce_devices
                0x0000000087801554        0x4 arch/arm/lib/built-in.o
                0x0000000087801554                board_quiesce_devices
 .text.boot_jump_linux
                0x0000000087801558       0xd0 arch/arm/lib/built-in.o
 .text.setup_board_tags
                0x0000000087801628        0x4 arch/arm/lib/built-in.o
                0x0000000087801628                setup_board_tags
 .text.boot_prep_linux
                0x000000008780162c      0x1ec arch/arm/lib/built-in.o
 .text.do_bootm_linux
                0x0000000087801818       0x64 arch/arm/lib/built-in.o
                0x0000000087801818                do_bootm_linux
 .text.boot_prep_vxworks
                0x000000008780187c       0x50 arch/arm/lib/built-in.o
                0x000000008780187c                boot_prep_vxworks
 .text.boot_jump_vxworks
                0x00000000878018cc        0xc arch/arm/lib/built-in.o
                0x00000000878018cc                boot_jump_vxworks
 .text.bootz_setup
                0x00000000878018d8       0xa0 arch/arm/lib/built-in.o
                0x00000000878018d8                bootz_setup
 .text.arch_reserve_stacks
                0x0000000087801978       0x1c arch/arm/lib/built-in.o
                0x0000000087801978                arch_reserve_stacks
 .text.interrupt_init
                0x0000000087801994       0x1c arch/arm/lib/built-in.o
                0x0000000087801994                interrupt_init
 .text.enable_interrupts
                0x00000000878019b0        0x4 arch/arm/lib/built-in.o
                0x00000000878019b0                enable_interrupts
 .text.disable_interrupts
                0x00000000878019b4        0x8 arch/arm/lib/built-in.o
                0x00000000878019b4                disable_interrupts
 .text.bad_mode
                0x00000000878019bc       0x10 arch/arm/lib/built-in.o
                0x00000000878019bc                bad_mode
 .text.show_regs
                0x00000000878019cc      0x1cc arch/arm/lib/built-in.o
                0x00000000878019cc                show_regs
 .text.do_undefined_instruction
                0x0000000087801b98       0x38 arch/arm/lib/built-in.o
                0x0000000087801b98                do_undefined_instruction
 .text.do_software_interrupt
                0x0000000087801bd0       0x38 arch/arm/lib/built-in.o
                0x0000000087801bd0                do_software_interrupt
 .text.do_prefetch_abort
                0x0000000087801c08       0x38 arch/arm/lib/built-in.o
                0x0000000087801c08                do_prefetch_abort
 .text.do_data_abort
                0x0000000087801c40       0x38 arch/arm/lib/built-in.o
                0x0000000087801c40                do_data_abort
 .text.do_not_used
                0x0000000087801c78       0x38 arch/arm/lib/built-in.o
                0x0000000087801c78                do_not_used
 .text.do_fiq   0x0000000087801cb0       0x38 arch/arm/lib/built-in.o
                0x0000000087801cb0                do_fiq
 .text.do_irq   0x0000000087801ce8       0x38 arch/arm/lib/built-in.o
                0x0000000087801ce8                do_irq
 .text.do_reset
                0x0000000087801d20       0x30 arch/arm/lib/built-in.o
                0x0000000087801d20                do_reset
 .text.flush_cache
                0x0000000087801d50        0x8 arch/arm/lib/built-in.o
                0x0000000087801d50                flush_cache
 .text.check_cache_range
                0x0000000087801d58       0x38 arch/arm/lib/built-in.o
                0x0000000087801d58                check_cache_range
 .text.cache_disable
                0x0000000087801d90       0x50 arch/arm/lib/built-in.o
 .text.arm_init_domains
                0x0000000087801de0        0x4 arch/arm/lib/built-in.o
                0x0000000087801de0                arm_init_domains
 .text.set_section_dcache
                0x0000000087801de4       0x14 arch/arm/lib/built-in.o
                0x0000000087801de4                set_section_dcache
 .text.mmu_set_region_dcache_behaviour
                0x0000000087801df8       0x5c arch/arm/lib/built-in.o
                0x0000000087801df8                mmu_set_region_dcache_behaviour
 .text.dram_bank_mmu_setup
                0x0000000087801e54       0x44 arch/arm/lib/built-in.o
                0x0000000087801e54                dram_bank_mmu_setup
 .text.icache_enable
                0x0000000087801e98       0x14 arch/arm/lib/built-in.o
                0x0000000087801e98                icache_enable
 .text.icache_disable
                0x0000000087801eac        0x8 arch/arm/lib/built-in.o
                0x0000000087801eac                icache_disable
 .text.icache_status
                0x0000000087801eb4        0xc arch/arm/lib/built-in.o
                0x0000000087801eb4                icache_status
 .text.dcache_enable
                0x0000000087801ec0       0x80 arch/arm/lib/built-in.o
                0x0000000087801ec0                dcache_enable
 .text.dcache_disable
                0x0000000087801f40        0x8 arch/arm/lib/built-in.o
                0x0000000087801f40                dcache_disable
 .text.dcache_status
                0x0000000087801f48        0xc arch/arm/lib/built-in.o
                0x0000000087801f48                dcache_status
 .text.imx_iomux_v3_setup_pad
                0x0000000087801f54      0x1a8 arch/arm/mach-imx/built-in.o
                0x0000000087801f54                imx_iomux_v3_setup_pad
 .text.imx_iomux_v3_setup_multiple_pads
                0x00000000878020fc       0x2c arch/arm/mach-imx/built-in.o
                0x00000000878020fc                imx_iomux_v3_setup_multiple_pads
 .text.get_imx_reset_cause
                0x0000000087802128       0x30 arch/arm/mach-imx/built-in.o
                0x0000000087802128                get_imx_reset_cause
 .text.get_reset_cause
                0x0000000087802158       0xe0 arch/arm/mach-imx/built-in.o
 .text.get_reboot_reason
                0x0000000087802238       0x38 arch/arm/mach-imx/built-in.o
                0x0000000087802238                get_reboot_reason
 .text.imx_ddr_size
                0x0000000087802270       0x6c arch/arm/mach-imx/built-in.o
                0x0000000087802270                imx_ddr_size
 .text.get_imx_type
                0x00000000878022dc       0x20 arch/arm/mach-imx/built-in.o
                0x00000000878022dc                get_imx_type
 .text.print_cpuinfo
                0x00000000878022fc      0x158 arch/arm/mach-imx/built-in.o
                0x00000000878022fc                print_cpuinfo
 .text.get_ahb_clk
                0x0000000087802454       0x24 arch/arm/mach-imx/built-in.o
                0x0000000087802454                get_ahb_clk
 .text.arch_preboot_os
                0x0000000087802478        0x4 arch/arm/mach-imx/built-in.o
                0x0000000087802478                arch_preboot_os
 .text.get_clocks
                0x000000008780247c       0x1c arch/arm/mach-imx/built-in.o
                0x000000008780247c                get_clocks
 .text.mxs_wait_mask_set
                0x0000000087802498       0x44 arch/arm/mach-imx/built-in.o
                0x0000000087802498                mxs_wait_mask_set
 .text.mxs_wait_mask_clr
                0x00000000878024dc       0x40 arch/arm/mach-imx/built-in.o
                0x00000000878024dc                mxs_wait_mask_clr
 .text.mxs_reset_block
                0x000000008780251c       0xa4 arch/arm/mach-imx/built-in.o
                0x000000008780251c                mxs_reset_block
 .text.board_lmb_reserve
                0x00000000878025c0       0x3c arch/arm/mach-imx/built-in.o
                0x00000000878025c0                board_lmb_reserve
 .text.board_video_skip
                0x00000000878025fc      0x1c0 arch/arm/mach-imx/built-in.o
                0x00000000878025fc                board_video_skip
 .text.enable_caches
                0x00000000878027bc       0x60 arch/arm/mach-imx/built-in.o
                0x00000000878027bc                enable_caches
 .text.init_aips
                0x000000008780281c      0x124 arch/arm/mach-imx/built-in.o
                0x000000008780281c                init_aips
 .text.imx_wdog_disable_powerdown
                0x0000000087802940       0xd8 arch/arm/mach-imx/built-in.o
                0x0000000087802940                imx_wdog_disable_powerdown
 .text.init_src
                0x0000000087802a18       0x20 arch/arm/mach-imx/built-in.o
                0x0000000087802a18                init_src
 .text.boot_mode_apply
                0x0000000087802a38       0x30 arch/arm/mach-imx/built-in.o
                0x0000000087802a38                boot_mode_apply
 .text.imx_get_mac_from_fuse
                0x0000000087802a68      0x118 arch/arm/mach-imx/built-in.o
                0x0000000087802a68                imx_get_mac_from_fuse
 .text.timer_init
                0x0000000087802b80       0x48 arch/arm/mach-imx/built-in.o
                0x0000000087802b80                timer_init
 .text.get_ticks
                0x0000000087802bc8       0x18 arch/arm/mach-imx/built-in.o
                0x0000000087802bc8                get_ticks
 .text.get_timer
                0x0000000087802be0       0x60 arch/arm/mach-imx/built-in.o
                0x0000000087802be0                get_timer
 .text.__udelay
                0x0000000087802c40       0x9c arch/arm/mach-imx/built-in.o
                0x0000000087802c40                __udelay
 .text.get_tbclk
                0x0000000087802cdc        0x8 arch/arm/mach-imx/built-in.o
                0x0000000087802cdc                get_tbclk
 .text.create_usage
                0x0000000087802ce4       0xa0 arch/arm/mach-imx/built-in.o
 .text.do_boot_mode
                0x0000000087802d84       0xd4 arch/arm/mach-imx/built-in.o
 .text.add_board_boot_modes
                0x0000000087802e58       0x60 arch/arm/mach-imx/built-in.o
                0x0000000087802e58                add_board_boot_modes
 .text.get_cpu_rev
                0x0000000087802eb8       0xe4 arch/arm/mach-imx/built-in.o
                0x0000000087802eb8                get_cpu_rev
 .text.get_cpu_speed_grade_hz
                0x0000000087802f9c      0x17c arch/arm/mach-imx/built-in.o
                0x0000000087802f9c                get_cpu_speed_grade_hz
 .text.get_cpu_temp_grade
                0x0000000087803118       0x6c arch/arm/mach-imx/built-in.o
                0x0000000087803118                get_cpu_temp_grade
 .text.get_board_rev
                0x0000000087803184       0x30 arch/arm/mach-imx/built-in.o
                0x0000000087803184                get_board_rev
 .text.is_usb_boot
                0x00000000878031b4        0xc arch/arm/mach-imx/built-in.o
                0x00000000878031b4                is_usb_boot
 .text.mmc_get_boot_dev
                0x00000000878031c0       0x34 arch/arm/mach-imx/built-in.o
 .text.arch_cpu_init
                0x00000000878031f4      0x4f4 arch/arm/mach-imx/built-in.o
                0x00000000878031f4                arch_cpu_init
 .text.board_mmc_get_env_dev
                0x00000000878036e8        0x4 arch/arm/mach-imx/built-in.o
                0x00000000878036e8                board_mmc_get_env_dev
 .text.mmc_get_env_dev
                0x00000000878036ec       0x30 arch/arm/mach-imx/built-in.o
                0x00000000878036ec                mmc_get_env_dev
 .text.board_mmc_get_env_part
                0x000000008780371c        0x8 arch/arm/mach-imx/built-in.o
                0x000000008780371c                board_mmc_get_env_part
 .text.mmc_get_env_part
                0x0000000087803724       0x20 arch/arm/mach-imx/built-in.o
                0x0000000087803724                mmc_get_env_part
 .text.board_postclk_init
                0x0000000087803744       0x80 arch/arm/mach-imx/built-in.o
                0x0000000087803744                board_postclk_init
 .text.get_board_serial
                0x00000000878037c4       0x1c arch/arm/mach-imx/built-in.o
                0x00000000878037c4                get_board_serial
 .text.get_boot_device
                0x00000000878037e0       0xa0 arch/arm/mach-imx/built-in.o
                0x00000000878037e0                get_boot_device
 .text.set_wdog_reset
                0x0000000087803880       0x24 arch/arm/mach-imx/built-in.o
                0x0000000087803880                set_wdog_reset
 .text.reset_misc
                0x00000000878038a4        0x4 arch/arm/mach-imx/built-in.o
                0x00000000878038a4                reset_misc
 .text.s_init   0x00000000878038a8       0xcc arch/arm/mach-imx/built-in.o
                0x00000000878038a8                s_init
 .text.get_ipg_clk
                0x0000000087803974       0x28 arch/arm/mach-imx/built-in.o
 .text.enable_pll_video.constprop.0
                0x000000008780399c      0x118 arch/arm/mach-imx/built-in.o
 .text.get_uart_clk
                0x0000000087803ab4       0xe8 arch/arm/mach-imx/built-in.o
 .text.mxc_get_pll_pfd
                0x0000000087803b9c       0xe4 arch/arm/mach-imx/built-in.o
 .text.get_usdhc_clk
                0x0000000087803c80       0xf8 arch/arm/mach-imx/built-in.o
 .text.enable_ocotp_clk
                0x0000000087803d78       0x24 arch/arm/mach-imx/built-in.o
                0x0000000087803d78                enable_ocotp_clk
 .text.setup_gpmi_io_clk
                0x0000000087803d9c       0x4c arch/arm/mach-imx/built-in.o
                0x0000000087803d9c                setup_gpmi_io_clk
 .text.enable_usboh3_clk
                0x0000000087803de8       0x24 arch/arm/mach-imx/built-in.o
                0x0000000087803de8                enable_usboh3_clk
 .text.enable_enet_clk
                0x0000000087803e0c       0x78 arch/arm/mach-imx/built-in.o
                0x0000000087803e0c                enable_enet_clk
 .text.enable_i2c_clk
                0x0000000087803e84       0xe8 arch/arm/mach-imx/built-in.o
                0x0000000087803e84                enable_i2c_clk
 .text.get_periph_clk
                0x0000000087803f6c       0xdc arch/arm/mach-imx/built-in.o
                0x0000000087803f6c                get_periph_clk
 .text.get_axi_clk
                0x0000000087804048       0x4c arch/arm/mach-imx/built-in.o
 .text.enable_lcdif_clock
                0x0000000087804094      0x300 arch/arm/mach-imx/built-in.o
                0x0000000087804094                enable_lcdif_clock
 .text.mxs_set_lcdclk
                0x0000000087804394      0x3c4 arch/arm/mach-imx/built-in.o
                0x0000000087804394                mxs_set_lcdclk
 .text.enable_qspi_clk
                0x0000000087804758       0xa8 arch/arm/mach-imx/built-in.o
                0x0000000087804758                enable_qspi_clk
 .text.enable_fec_anatop_clock
                0x0000000087804800      0x114 arch/arm/mach-imx/built-in.o
                0x0000000087804800                enable_fec_anatop_clock
 .text.imx_get_uartclk
                0x0000000087804914        0x4 arch/arm/mach-imx/built-in.o
                0x0000000087804914                imx_get_uartclk
 .text.enable_thermal_clk
                0x0000000087804918       0x60 arch/arm/mach-imx/built-in.o
                0x0000000087804918                enable_thermal_clk
 .text.mxc_get_clock
                0x0000000087804978      0x4ec arch/arm/mach-imx/built-in.o
                0x0000000087804978                mxc_get_clock
 .text.imx_get_fecclk
                0x0000000087804e64        0x8 arch/arm/mach-imx/built-in.o
                0x0000000087804e64                imx_get_fecclk
 .text.do_mx6_showclocks
                0x0000000087804e6c      0x24c arch/arm/mach-imx/built-in.o
                0x0000000087804e6c                do_mx6_showclocks
 .text.check_module_fused
                0x00000000878050b8       0x70 arch/arm/mach-imx/built-in.o
                0x00000000878050b8                check_module_fused
 .text.ft_system_setup
                0x0000000087805128       0xf8 arch/arm/mach-imx/built-in.o
                0x0000000087805128                ft_system_setup
 .text.mx6_esdhc_fused
                0x0000000087805220       0x64 arch/arm/mach-imx/built-in.o
                0x0000000087805220                mx6_esdhc_fused
 .text.mx6_usb_fused
                0x0000000087805284       0x14 arch/arm/mach-imx/built-in.o
                0x0000000087805284                mx6_usb_fused
 .text.mx6_qspi_fused
                0x0000000087805298        0x8 arch/arm/mach-imx/built-in.o
                0x0000000087805298                mx6_qspi_fused
 .text.mx6_i2c_fused
                0x00000000878052a0       0x64 arch/arm/mach-imx/built-in.o
                0x00000000878052a0                mx6_i2c_fused
 .text.mx6_enet_fused
                0x0000000087805304       0x34 arch/arm/mach-imx/built-in.o
                0x0000000087805304                mx6_enet_fused
 .text.mmc_map_to_kernel_blk
                0x0000000087805338        0x4 board/freescale/common/built-in.o
                0x0000000087805338                mmc_map_to_kernel_blk
 .text.board_late_mmc_env_init
                0x000000008780533c       0x9c board/freescale/common/built-in.o
                0x000000008780533c                board_late_mmc_env_init
 .text.do_enable_parallel_lcd
                0x00000000878053d8       0x70 board/freescale/mx6ullevk/built-in.o
                0x00000000878053d8                do_enable_parallel_lcd
 .text.dram_init
                0x0000000087805448       0x18 board/freescale/mx6ullevk/built-in.o
                0x0000000087805448                dram_init
 .text.board_phy_config
                0x0000000087805460       0x4c board/freescale/mx6ullevk/built-in.o
                0x0000000087805460                board_phy_config
 .text.board_early_init_f
                0x00000000878054ac       0x1c board/freescale/mx6ullevk/built-in.o
                0x00000000878054ac                board_early_init_f
 .text.board_init
                0x00000000878054c8       0x94 board/freescale/mx6ullevk/built-in.o
                0x00000000878054c8                board_init
 .text.board_late_init
                0x000000008780555c       0x98 board/freescale/mx6ullevk/built-in.o
                0x000000008780555c                board_late_init
 .text.checkboard
                0x00000000878055f4       0x2c board/freescale/mx6ullevk/built-in.o
                0x00000000878055f4                checkboard
 .text.do_go_exec
                0x0000000087805620       0x10 cmd/built-in.o
                0x0000000087805620                do_go_exec
 .text.do_go    0x0000000087805630       0x6c cmd/built-in.o
 .text.do_bootm
                0x000000008780569c      0x110 cmd/built-in.o
                0x000000008780569c                do_bootm
 .text.do_bootd
                0x00000000878057ac       0x20 cmd/built-in.o
                0x00000000878057ac                do_bootd
 .text.image_info
                0x00000000878057cc       0xec cmd/built-in.o
 .text.do_iminfo
                0x00000000878058b8       0x5c cmd/built-in.o
 .text.bootm_maybe_autostart
                0x0000000087805914       0x78 cmd/built-in.o
                0x0000000087805914                bootm_maybe_autostart
 .text.do_help  0x000000008780598c       0x44 cmd/built-in.o
 .text.do_version
                0x00000000878059d0       0x40 cmd/built-in.o
 .text.blk_common_cmd
                0x0000000087805a10      0x314 cmd/built-in.o
                0x0000000087805a10                blk_common_cmd
 .text.source   0x0000000087805d24       0xd8 cmd/built-in.o
                0x0000000087805d24                source
 .text.do_source
                0x0000000087805dfc       0x48 cmd/built-in.o
 .text.print_num
                0x0000000087805e44       0x18 cmd/built-in.o
 .text.do_bdinfo
                0x0000000087805e5c      0x10c cmd/built-in.o
 .text.do_blkcache
                0x0000000087805f68       0x64 cmd/built-in.o
 .text.blkc_configure
                0x0000000087805fcc       0x68 cmd/built-in.o
 .text.blkc_show
                0x0000000087806034       0x40 cmd/built-in.o
 .text.do_bmp   0x0000000087806074       0x54 cmd/built-in.o
 .text.do_bmp_info
                0x00000000878060c8      0x10c cmd/built-in.o
 .text.bmp_display
                0x00000000878061d4       0x50 cmd/built-in.o
                0x00000000878061d4                bmp_display
 .text.do_bmp_display
                0x0000000087806224       0xf8 cmd/built-in.o
 .text.efi_install_fdt
                0x000000008780631c      0x238 cmd/built-in.o
 .text.do_bootefi_exec
                0x0000000087806554      0x244 cmd/built-in.o
 .text.do_bootefi
                0x0000000087806798      0x16c cmd/built-in.o
 .text.efi_set_bootdev
                0x0000000087806904       0x70 cmd/built-in.o
                0x0000000087806904                efi_set_bootdev
 .text.do_bootz
                0x0000000087806974       0xf8 cmd/built-in.o
                0x0000000087806974                do_bootz
 .text.parse_argv
                0x0000000087806a6c       0x64 cmd/built-in.o
 .text.do_icache
                0x0000000087806ad0       0x88 cmd/built-in.o
 .text.do_dcache
                0x0000000087806b58       0x88 cmd/built-in.o
 .text.do_coninfo
                0x0000000087806be0       0xb0 cmd/built-in.o
 .text.do_dm_dump_devres
                0x0000000087806c90        0x8 cmd/built-in.o
 .text.do_dm    0x0000000087806c98       0x74 cmd/built-in.o
 .text.do_dm_dump_uclass
                0x0000000087806d0c       0x10 cmd/built-in.o
 .text.do_dm_dump_all
                0x0000000087806d1c       0x10 cmd/built-in.o
 .text.do_echo  0x0000000087806d2c       0xb0 cmd/built-in.o
 .text.load_elf_image_phdr
                0x0000000087806ddc      0x130 cmd/built-in.o
 .text.valid_elf_image
                0x0000000087806f0c       0x4c cmd/built-in.o
                0x0000000087806f0c                valid_elf_image
 .text.do_bootelf
                0x0000000087806f58      0x2b4 cmd/built-in.o
                0x0000000087806f58                do_bootelf
 .text.do_bootvx
                0x000000008780720c      0x310 cmd/built-in.o
                0x000000008780720c                do_bootvx
 .text.do_exit  0x000000008780751c       0x3c cmd/built-in.o
 .text.do_ext4_size
                0x0000000087807558       0x18 cmd/built-in.o
                0x0000000087807558                do_ext4_size
 .text.do_ext4_load
                0x0000000087807570       0x18 cmd/built-in.o
                0x0000000087807570                do_ext4_load
 .text.do_ext4_ls
                0x0000000087807588       0x18 cmd/built-in.o
                0x0000000087807588                do_ext4_ls
 .text.do_ext4_write
                0x00000000878075a0       0x18 cmd/built-in.o
                0x00000000878075a0                do_ext4_write
 .text.do_ext2load
                0x00000000878075b8       0x18 cmd/built-in.o
                0x00000000878075b8                do_ext2load
 .text.do_ext2ls
                0x00000000878075d0       0x18 cmd/built-in.o
 .text.do_fat_size
                0x00000000878075e8       0x18 cmd/built-in.o
                0x00000000878075e8                do_fat_size
 .text.do_fat_fsload
                0x0000000087807600       0x18 cmd/built-in.o
                0x0000000087807600                do_fat_fsload
 .text.do_fat_ls
                0x0000000087807618       0x18 cmd/built-in.o
 .text.do_fat_fsinfo
                0x0000000087807630       0x90 cmd/built-in.o
 .text.do_fat_fswrite
                0x00000000878076c0      0x14c cmd/built-in.o
 .text.do_fat_rm
                0x000000008780780c       0x18 cmd/built-in.o
 .text.do_fat_mkdir
                0x0000000087807824       0x18 cmd/built-in.o
 .text.fdt_valid
                0x000000008780783c       0xbc cmd/built-in.o
 .text.is_printable_string
                0x00000000878078f8       0x98 cmd/built-in.o
 .text.print_data
                0x0000000087807990      0x174 cmd/built-in.o
 .text.set_working_fdt_addr
                0x0000000087807b04       0x1c cmd/built-in.o
                0x0000000087807b04                set_working_fdt_addr
 .text.do_fdt   0x0000000087807b20     0x10ac cmd/built-in.o
 .text.do_flinfo
                0x0000000087808bcc        0x8 cmd/built-in.o
 .text.do_flerase
                0x0000000087808bd4        0x8 cmd/built-in.o
 .text.do_protect
                0x0000000087808bdc       0x10 cmd/built-in.o
 .text.do_size_wrapper
                0x0000000087808bec       0x18 cmd/built-in.o
 .text.do_load_wrapper
                0x0000000087808c04       0x64 cmd/built-in.o
 .text.do_save_wrapper
                0x0000000087808c68       0x18 cmd/built-in.o
 .text.do_ls_wrapper
                0x0000000087808c80       0x18 cmd/built-in.o
 .text.do_fstype_wrapper
                0x0000000087808c98        0x4 cmd/built-in.o
 .text.strtou32
                0x0000000087808c9c       0x44 cmd/built-in.o
 .text.do_fuse  0x0000000087808ce0      0x360 cmd/built-in.o
 .text.gpio_get_description
                0x0000000087809040       0xd4 cmd/built-in.o
 .text.do_gpio  0x0000000087809114      0x380 cmd/built-in.o
 .text.do_i2c   0x0000000087809494       0x64 cmd/built-in.o
 .text.i2c_get_cur_bus
                0x00000000878094f8       0x38 cmd/built-in.o
 .text.do_i2c_bus_speed
                0x0000000087809530       0x98 cmd/built-in.o
 .text.do_i2c_reset
                0x00000000878095c8       0x3c cmd/built-in.o
 .text.i2c_get_cur_bus_chip
                0x0000000087809604       0x38 cmd/built-in.o
 .text.do_i2c_probe
                0x000000008780963c       0xc0 cmd/built-in.o
 .text.do_i2c_bus_num
                0x00000000878096fc       0xa4 cmd/built-in.o
 .text.show_bus
                0x00000000878097a0       0x98 cmd/built-in.o
 .text.do_i2c_show_bus
                0x0000000087809838       0xb8 cmd/built-in.o
 .text.get_alen.constprop.4
                0x00000000878098f0       0x3c cmd/built-in.o
 .text.do_i2c_read
                0x000000008780992c       0xf4 cmd/built-in.o
 .text.do_i2c_flags
                0x0000000087809a20       0xbc cmd/built-in.o
 .text.do_i2c_olen
                0x0000000087809adc       0xb8 cmd/built-in.o
 .text.do_i2c_md
                0x0000000087809b94      0x210 cmd/built-in.o
 .text.do_i2c_mw
                0x0000000087809da4      0x138 cmd/built-in.o
 .text.do_i2c_crc
                0x0000000087809edc      0x16c cmd/built-in.o
 .text.do_i2c_write
                0x000000008780a048      0x1a8 cmd/built-in.o
 .text.mod_i2c_mem.isra.2
                0x000000008780a1f0      0x228 cmd/built-in.o
 .text.do_i2c_nm
                0x000000008780a418        0x8 cmd/built-in.o
 .text.do_i2c_mm
                0x000000008780a420        0x8 cmd/built-in.o
 .text.do_i2c_loop
                0x000000008780a428      0x13c cmd/built-in.o
 .text.evalexp  0x000000008780a564       0x74 cmd/built-in.o
 .text.evalstr  0x000000008780a5d8       0x6c cmd/built-in.o
 .text.binary_test
                0x000000008780a644      0x1b4 cmd/built-in.o
 .text.do_itest
                0x000000008780a7f8       0x88 cmd/built-in.o
 .text.bin_data_init
                0x000000008780a880       0x2c cmd/built-in.o
 .text.k_data_save
                0x000000008780a8ac       0x4c cmd/built-in.o
 .text.k_data_restore
                0x000000008780a8f8       0x4c cmd/built-in.o
 .text.getcxmodem
                0x000000008780a944       0x20 cmd/built-in.o
 .text.load_serial_ymodem
                0x000000008780a964       0xd0 cmd/built-in.o
 .text.bin_data_char
                0x000000008780aa34       0x2c cmd/built-in.o
 .text.chk1.constprop.1
                0x000000008780aa60       0x2c cmd/built-in.o
 .text.s1_sendpacket.constprop.2
                0x000000008780aa8c       0x50 cmd/built-in.o
 .text.load_serial
                0x000000008780aadc      0x1e0 cmd/built-in.o
 .text.do_load_serial
                0x000000008780acbc       0xdc cmd/built-in.o
 .text.do_load_serial_bin
                0x000000008780ad98      0x7a8 cmd/built-in.o
 .text.do_mem_mw
                0x000000008780b540       0xc0 cmd/built-in.o
 .text.do_mem_loop
                0x000000008780b600       0xec cmd/built-in.o
 .text.do_mem_md
                0x000000008780b6ec       0xec cmd/built-in.o
 .text.do_mem_cmp
                0x000000008780b7d8      0x164 cmd/built-in.o
 .text.do_mem_base
                0x000000008780b93c       0x40 cmd/built-in.o
 .text.do_mem_cp
                0x000000008780b97c       0xac cmd/built-in.o
 .text.do_mem_crc
                0x000000008780ba28       0x48 cmd/built-in.o
 .text.do_mem_mtest
                0x000000008780ba70      0x230 cmd/built-in.o
 .text.mod_mem.isra.2
                0x000000008780bca0      0x164 cmd/built-in.o
 .text.do_mem_mm
                0x000000008780be04        0x8 cmd/built-in.o
 .text.do_mem_nm
                0x000000008780be0c        0x8 cmd/built-in.o
 .text.extract_range
                0x000000008780be14       0xe4 cmd/built-in.o
 .text.do_mii   0x000000008780bef8      0x8f8 cmd/built-in.o
 .text.do_mdio  0x000000008780c7f0      0x4dc cmd/built-in.o
 .text.do_sleep
                0x000000008780cccc       0xcc cmd/built-in.o
 .text.do_mmcops
                0x000000008780cd98       0xc4 cmd/built-in.o
 .text.init_mmc_device
                0x000000008780ce5c       0x78 cmd/built-in.o
 .text.do_mmc_rst_func
                0x000000008780ced4       0xa0 cmd/built-in.o
 .text.do_mmc_rescan
                0x000000008780cf74       0x24 cmd/built-in.o
 .text.do_mmc_partconf
                0x000000008780cf98      0x100 cmd/built-in.o
 .text.do_mmc_boot_resize
                0x000000008780d098       0xcc cmd/built-in.o
 .text.do_mmc_bootbus
                0x000000008780d164       0xb4 cmd/built-in.o
 .text.do_mmc_hwpartition
                0x000000008780d218      0x518 cmd/built-in.o
 .text.do_mmc_list
                0x000000008780d730       0x14 cmd/built-in.o
 .text.do_mmc_dev
                0x000000008780d744      0x140 cmd/built-in.o
 .text.do_mmc_part
                0x000000008780d884       0x60 cmd/built-in.o
 .text.do_mmc_erase
                0x000000008780d8e4       0xe8 cmd/built-in.o
 .text.do_mmc_write
                0x000000008780d9cc      0x100 cmd/built-in.o
 .text.do_mmc_read
                0x000000008780dacc       0xe0 cmd/built-in.o
 .text.do_mmcinfo
                0x000000008780dbac      0x3a8 cmd/built-in.o
 .text.do_mmc_setdsr
                0x000000008780df54       0xb0 cmd/built-in.o
 .text.complete_mtd
                0x000000008780e004       0x2c cmd/built-in.o
 .text.mtd_dump_buf
                0x000000008780e030       0x98 cmd/built-in.o
 .text.mtd_show_parts
                0x000000008780e0c8       0x88 cmd/built-in.o
 .text.get_mtd_by_name
                0x000000008780e150       0x40 cmd/built-in.o
 .text.do_mtd_bad
                0x000000008780e190       0xc4 cmd/built-in.o
 .text.do_mtd_list
                0x000000008780e254      0x228 cmd/built-in.o
 .text.mtd_name_complete
                0x000000008780e47c       0xf4 cmd/built-in.o
 .text.do_mtd   0x000000008780e570       0x90 cmd/built-in.o
 .text.mtd_is_aligned_with_block_size.isra.6
                0x000000008780e600       0x44 cmd/built-in.o
 .text.do_mtd_erase
                0x000000008780e644      0x244 cmd/built-in.o
 .text.mtd_is_aligned_with_min_io_size.isra.7
                0x000000008780e888       0x44 cmd/built-in.o
 .text.mtd_len_to_pages.isra.8
                0x000000008780e8cc       0x40 cmd/built-in.o
 .text.do_mtd_io
                0x000000008780e90c      0x6c0 cmd/built-in.o
 .text.part_delall
                0x000000008780efcc       0x44 cmd/built-in.o
 .text.memsize_parse
                0x000000008780f010       0x80 cmd/built-in.o
 .text.mtd_part_info
                0x000000008780f090       0xa8 cmd/built-in.o
 .text.env_get_mtdparts
                0x000000008780f138       0x40 cmd/built-in.o
 .text.memsize_format
                0x000000008780f178       0x90 cmd/built-in.o
 .text.index_partitions
                0x000000008780f208       0xb0 cmd/built-in.o
 .text.current_save
                0x000000008780f2b8       0xcc cmd/built-in.o
 .text.part_sort_add
                0x000000008780f384      0x11c cmd/built-in.o
 .text.device_del
                0x000000008780f4a0       0x7c cmd/built-in.o
 .text.generate_mtdparts_save.constprop.8
                0x000000008780f51c      0x2d8 cmd/built-in.o
 .text.device_delall.constprop.10
                0x000000008780f7f4       0x64 cmd/built-in.o
 .text.mtd_devices_init
                0x000000008780f858       0x2c cmd/built-in.o
 .text.get_mtd_info.constprop.11
                0x000000008780f884       0x90 cmd/built-in.o
 .text.part_validate
                0x000000008780f914      0x3b8 cmd/built-in.o
 .text.device_find
                0x000000008780fccc       0x4c cmd/built-in.o
                0x000000008780fccc                device_find
 .text.device_parse
                0x000000008780fd18      0x50c cmd/built-in.o
 .text.mtd_id_parse
                0x0000000087810224      0x14c cmd/built-in.o
                0x0000000087810224                mtd_id_parse
 .text.find_dev_and_part
                0x0000000087810370      0x1c4 cmd/built-in.o
                0x0000000087810370                find_dev_and_part
 .text.mtdparts_init
                0x0000000087810534      0x67c cmd/built-in.o
                0x0000000087810534                mtdparts_init
 .text.do_chpart
                0x0000000087810bb0       0xe0 cmd/built-in.o
 .text.do_mtdparts
                0x0000000087810c90      0x5ec cmd/built-in.o
 .text.set_dev  0x000000008781127c       0x60 cmd/built-in.o
 .text.nand_print_and_set_info
                0x00000000878112dc       0xe8 cmd/built-in.o
 .text.do_nand  0x00000000878113c4      0xc3c cmd/built-in.o
 .text.nand_load_image
                0x0000000087812000      0x1b8 cmd/built-in.o
 .text.do_nandboot
                0x00000000878121b8      0x230 cmd/built-in.o
 .text.netboot_common
                0x00000000878123e8      0x2c0 cmd/built-in.o
 .text.do_bootp
                0x00000000878126a8        0xc cmd/built-in.o
 .text.do_dhcp  0x00000000878126b4        0xc cmd/built-in.o
 .text.do_nfs   0x00000000878126c0        0xc cmd/built-in.o
 .text.do_tftpb
                0x00000000878126cc       0x40 cmd/built-in.o
                0x00000000878126cc                do_tftpb
 .text.do_ping  0x000000008781270c       0x78 cmd/built-in.o
 .text.efi_dump_single_var
                0x0000000087812784      0x144 cmd/built-in.o
 .text.do_env_print_efi
                0x00000000878128c8      0x188 cmd/built-in.o
                0x00000000878128c8                do_env_print_efi
 .text.do_env_set_efi
                0x0000000087812a50      0x394 cmd/built-in.o
                0x0000000087812a50                do_env_set_efi
 .text.do_part_list
                0x0000000087812de4      0x17c cmd/built-in.o
 .text.do_part_info
                0x0000000087812f60      0x110 cmd/built-in.o
 .text.do_part  0x0000000087813070      0x10c cmd/built-in.o
 .text.do_pinmux
                0x000000008781317c       0x60 cmd/built-in.o
 .text.do_list  0x00000000878131dc       0xb4 cmd/built-in.o
 .text.show_pinmux
                0x0000000087813290       0xd0 cmd/built-in.o
 .text.do_status
                0x0000000087813360       0xf8 cmd/built-in.o
 .text.do_dev   0x0000000087813458       0x88 cmd/built-in.o
 .text.do_raw_read
                0x00000000878134e0      0x164 cmd/built-in.o
                0x00000000878134e0                do_raw_read
 .text.bytes_per_second
                0x0000000087813644       0x50 cmd/built-in.o
 .text.do_spi_flash
                0x0000000087813694      0x8b4 cmd/built-in.o
 .text.get_arg  0x0000000087813f48       0x58 cmd/built-in.o
 .text.substitute
                0x0000000087813fa0       0xf0 cmd/built-in.o
 .text.regex_sub
                0x0000000087814090      0x470 cmd/built-in.o
 .text.do_setexpr
                0x0000000087814500      0x1a0 cmd/built-in.o
 .text.do_false
                0x00000000878146a0        0x8 cmd/built-in.o
 .text.do_true  0x00000000878146a8        0x8 cmd/built-in.o
 .text.do_test  0x00000000878146b0      0x33c cmd/built-in.o
 .text.ubi_find_volume
                0x00000000878149ec       0x70 cmd/built-in.o
 .text.ubi_volume_continue_write
                0x0000000087814a5c       0xa0 cmd/built-in.o
 .text.ubi_detach
                0x0000000087814afc       0x3c cmd/built-in.o
 .text.ubi_volume_begin_write
                0x0000000087814b38       0xa4 cmd/built-in.o
                0x0000000087814b38                ubi_volume_begin_write
 .text.ubi_volume_write
                0x0000000087814bdc        0x8 cmd/built-in.o
                0x0000000087814bdc                ubi_volume_write
 .text.ubi_volume_read
                0x0000000087814be4      0x214 cmd/built-in.o
                0x0000000087814be4                ubi_volume_read
 .text.ubi_part
                0x0000000087814df8       0xf0 cmd/built-in.o
                0x0000000087814df8                ubi_part
 .text.do_ubi   0x0000000087814ee8      0x8ac cmd/built-in.o
 .text.do_ubifs_ls
                0x0000000087815794       0x64 cmd/built-in.o
 .text.do_ubifs_load
                0x00000000878157f8       0xc8 cmd/built-in.o
 .text.cmd_ubifs_mount
                0x00000000878158c0       0x4c cmd/built-in.o
                0x00000000878158c0                cmd_ubifs_mount
 .text.do_ubifs_mount
                0x000000008781590c       0x18 cmd/built-in.o
 .text.ubifs_is_mounted
                0x0000000087815924       0x10 cmd/built-in.o
                0x0000000087815924                ubifs_is_mounted
 .text.cmd_ubifs_umount
                0x0000000087815934       0x48 cmd/built-in.o
                0x0000000087815934                cmd_ubifs_umount
 .text.do_ubifs_umount
                0x000000008781597c       0x14 cmd/built-in.o
 .text.usb_get_class_desc
                0x0000000087815990       0xbc cmd/built-in.o
 .text.usb_display_class_sub
                0x0000000087815a4c      0x170 cmd/built-in.o
 .text.usb_display_desc
                0x0000000087815bbc      0x150 cmd/built-in.o
 .text.usb_show_tree_graph
                0x0000000087815d0c      0x22c cmd/built-in.o
 .text.usb_show_subtree
                0x0000000087815f38       0x30 cmd/built-in.o
 .text.usb_for_each_root_dev
                0x0000000087815f68       0x68 cmd/built-in.o
 .text.usb_display_string
                0x0000000087815fd0       0x44 cmd/built-in.o
 .text.usb_display_config
                0x0000000087816014      0x20c cmd/built-in.o
 .text.usb_show_info
                0x0000000087816220       0x74 cmd/built-in.o
 .text.usb_find_device
                0x0000000087816294       0xb4 cmd/built-in.o
 .text.do_usbboot
                0x0000000087816348        0xc cmd/built-in.o
 .text.do_usb_start
                0x0000000087816354       0x30 cmd/built-in.o
 .text.usb_show_tree
                0x0000000087816384        0xc cmd/built-in.o
                0x0000000087816384                usb_show_tree
 .text.do_usb   0x0000000087816390      0x3fc cmd/built-in.o
 .text.common_diskboot
                0x000000008781678c      0x234 cmd/built-in.o
                0x000000008781678c                common_diskboot
 .text.do_fastboot
                0x00000000878169c0      0x1e0 cmd/built-in.o
 .text.do_imgextract
                0x0000000087816ba0      0x298 cmd/built-in.o
 .text.do_env_delete
                0x0000000087816e38       0x9c cmd/built-in.o
 .text.do_env_exists
                0x0000000087816ed4       0x64 cmd/built-in.o
 .text._do_env_set
                0x0000000087816f38      0x1f8 cmd/built-in.o
 .text.do_env_set
                0x0000000087817130       0x24 cmd/built-in.o
 .text.do_env_save
                0x0000000087817154       0x14 cmd/built-in.o
 .text.do_env   0x0000000087817168       0x64 cmd/built-in.o
 .text.env_print
                0x00000000878171cc       0xc0 cmd/built-in.o
 .text.do_env_print
                0x000000008781728c       0xdc cmd/built-in.o
 .text.do_env_import
                0x0000000087817368      0x2e4 cmd/built-in.o
 .text.do_env_default
                0x000000008781764c       0xb8 cmd/built-in.o
 .text.get_env_id
                0x0000000087817704       0x10 cmd/built-in.o
                0x0000000087817704                get_env_id
 .text.env_set  0x0000000087817714       0x68 cmd/built-in.o
                0x0000000087817714                env_set
 .text.env_set_ulong
                0x000000008781777c       0x20 cmd/built-in.o
                0x000000008781777c                env_set_ulong
 .text.env_set_hex
                0x000000008781779c       0x34 cmd/built-in.o
                0x000000008781779c                env_set_hex
 .text.do_env_export
                0x00000000878177d0      0x22c cmd/built-in.o
 .text.eth_parse_enetaddr
                0x00000000878179fc       0x5c cmd/built-in.o
                0x00000000878179fc                eth_parse_enetaddr
 .text.envmatch
                0x0000000087817a58       0x6c cmd/built-in.o
                0x0000000087817a58                envmatch
 .text.env_get_f
                0x0000000087817ac4       0xd0 cmd/built-in.o
                0x0000000087817ac4                env_get_f
 .text.env_get  0x0000000087817b94       0x78 cmd/built-in.o
                0x0000000087817b94                env_get
 .text.env_get_hex
                0x0000000087817c0c       0x3c cmd/built-in.o
                0x0000000087817c0c                env_get_hex
 .text.eth_env_get_enetaddr
                0x0000000087817c48       0x5c cmd/built-in.o
                0x0000000087817c48                eth_env_get_enetaddr
 .text.eth_env_set_enetaddr
                0x0000000087817ca4       0x4c cmd/built-in.o
                0x0000000087817ca4                eth_env_set_enetaddr
 .text.env_get_ulong
                0x0000000087817cf0       0x30 cmd/built-in.o
                0x0000000087817cf0                env_get_ulong
 .text.do_env_edit.part.3
                0x0000000087817d20       0xa4 cmd/built-in.o
 .text.do_env_edit
                0x0000000087817dc4       0x2c cmd/built-in.o
 .text.board_init_f_alloc_reserve
                0x0000000087817df0        0xc common/built-in.o
                0x0000000087817df0                board_init_f_alloc_reserve
 .text.board_init_f_init_reserve
                0x0000000087817dfc       0x20 common/built-in.o
                0x0000000087817dfc                board_init_f_init_reserve
 .text.show_boot_progress
                0x0000000087817e1c        0x8 common/built-in.o
                0x0000000087817e1c                show_boot_progress
 .text.main_loop
                0x0000000087817e24       0x4c common/built-in.o
                0x0000000087817e24                main_loop
 .text.mdelay   0x0000000087817e70        0xc common/built-in.o
 .text.dummy    0x0000000087817e7c        0x4 common/built-in.o
 .text.get_version
                0x0000000087817e80        0x8 common/built-in.o
                0x0000000087817e80                get_version
 .text.jumptable_init
                0x0000000087817e88      0x1d8 common/built-in.o
                0x0000000087817e88                jumptable_init
 .text.hash_command
                0x0000000087818060       0xb4 common/built-in.o
                0x0000000087818060                hash_command
 .text.b_reset  0x0000000087818114       0x1c common/built-in.o
 .text.static_get
                0x0000000087818130       0x1c common/built-in.o
 .text.static_peek
                0x000000008781814c        0xc common/built-in.o
 .text.file_peek
                0x0000000087818158        0xc common/built-in.o
 .text.mapset   0x0000000087818164       0x20 common/built-in.o
 .text.syntax_err
                0x0000000087818184        0xc common/built-in.o
 .text.free_pipe_list
                0x0000000087818190       0xf0 common/built-in.o
 .text.xmalloc  0x0000000087818280       0x20 common/built-in.o
 .text.new_pipe
                0x00000000878182a0       0x28 common/built-in.o
 .text.xrealloc
                0x00000000878182c8       0x20 common/built-in.o
 .text.done_command
                0x00000000878182e8       0x88 common/built-in.o
 .text.done_pipe
                0x0000000087818370       0x4c common/built-in.o
 .text.done_word
                0x00000000878183bc      0x2e4 common/built-in.o
 .text.do_showvar
                0x00000000878186a0       0xfc common/built-in.o
 .text.is_assignment
                0x000000008781879c       0x5c common/built-in.o
 .text.file_get
                0x00000000878187f8      0x1f0 common/built-in.o
 .text.b_addchr
                0x00000000878189e8       0x78 common/built-in.o
 .text.b_addqchr
                0x0000000087818a60       0x50 common/built-in.o
 .text.get_local_var
                0x0000000087818ab0       0xa0 common/built-in.o
                0x0000000087818ab0                get_local_var
 .text.set_local_var
                0x0000000087818b50      0x1bc common/built-in.o
                0x0000000087818b50                set_local_var
 .text.insert_var_value_sub
                0x0000000087818d0c      0x2c0 common/built-in.o
 .text.parse_string_outer
                0x0000000087818fcc       0xe4 common/built-in.o
                0x0000000087818fcc                parse_string_outer
 .text.run_list_real
                0x00000000878190b0      0x7e8 common/built-in.o
 .text.parse_stream_outer
                0x0000000087819898      0x6cc common/built-in.o
 .text.parse_file_outer
                0x0000000087819f64       0x44 common/built-in.o
                0x0000000087819f64                parse_file_outer
 .text.u_boot_hush_start
                0x0000000087819fa8       0x54 common/built-in.o
                0x0000000087819fa8                u_boot_hush_start
 .text.bootdelay_process
                0x0000000087819ffc      0x188 common/built-in.o
                0x0000000087819ffc                bootdelay_process
 .text.autoboot_command
                0x000000008781a184       0xf8 common/built-in.o
                0x000000008781a184                autoboot_command
 .text.log_init
                0x000000008781a27c       0x10 common/built-in.o
 .text.display_text_info
                0x000000008781a28c        0x8 common/built-in.o
 .text.setup_mon_len
                0x000000008781a294       0x20 common/built-in.o
 .text.setup_spl_handoff
                0x000000008781a2b4        0x8 common/built-in.o
 .text.mach_cpu_init
                0x000000008781a2bc        0x8 common/built-in.o
                0x000000008781a2bc                mach_cpu_init
 .text.reserve_round_4k
                0x000000008781a2c4       0x18 common/built-in.o
 .text.reserve_mmu
                0x000000008781a2dc       0x38 common/built-in.o
                0x000000008781a2dc                reserve_mmu
 .text.reserve_video
                0x000000008781a314        0x8 common/built-in.o
 .text.reserve_trace
                0x000000008781a31c        0x8 common/built-in.o
 .text.reserve_uboot
                0x000000008781a324       0x40 common/built-in.o
 .text.reserve_malloc
                0x000000008781a364       0x18 common/built-in.o
 .text.setup_machine
                0x000000008781a37c        0x8 common/built-in.o
 .text.reserve_global_data
                0x000000008781a384       0x1c common/built-in.o
 .text.reserve_fdt
                0x000000008781a3a0       0x4c common/built-in.o
 .text.reserve_bootstage
                0x000000008781a3ec        0x8 common/built-in.o
 .text.reserve_bloblist
                0x000000008781a3f4        0x8 common/built-in.o
 .text.display_new_sp
                0x000000008781a3fc        0x8 common/built-in.o
 .text.reloc_bootstage
                0x000000008781a404        0x8 common/built-in.o
 .text.reloc_bloblist
                0x000000008781a40c        0x8 common/built-in.o
 .text.initf_console_record
                0x000000008781a414        0x8 common/built-in.o
 .text.reserve_arch
                0x000000008781a41c        0x8 common/built-in.o
                0x000000008781a41c                reserve_arch
 .text.arch_cpu_init_dm
                0x000000008781a424        0x8 common/built-in.o
                0x000000008781a424                arch_cpu_init_dm
 .text.dram_init_banksize
                0x000000008781a42c       0x24 common/built-in.o
                0x000000008781a42c                dram_init_banksize
 .text.setup_reloc
                0x000000008781a450       0x40 common/built-in.o
 .text.reloc_fdt
                0x000000008781a490       0x44 common/built-in.o
 .text.reserve_board
                0x000000008781a4d4       0x40 common/built-in.o
 .text.announce_dram_init
                0x000000008781a514       0x18 common/built-in.o
 .text.init_baud_rate
                0x000000008781a52c       0x2c common/built-in.o
 .text.initf_dm
                0x000000008781a558        0x8 common/built-in.o
 .text.initf_bootstage
                0x000000008781a560       0x14 common/built-in.o
 .text.coloured_LED_init
                0x000000008781a574        0x4 common/built-in.o
                0x000000008781a574                coloured_LED_init
 .text.red_led_on
                0x000000008781a578        0x4 common/built-in.o
                0x000000008781a578                red_led_on
 .text.board_add_ram_info
                0x000000008781a57c        0x4 common/built-in.o
                0x000000008781a57c                board_add_ram_info
 .text.show_dram_config
                0x000000008781a580       0x38 common/built-in.o
 .text.board_get_usable_ram_top
                0x000000008781a5b8       0x14 common/built-in.o
                0x000000008781a5b8                board_get_usable_ram_top
 .text.setup_dest_addr
                0x000000008781a5cc       0x40 common/built-in.o
 .text.reserve_stacks
                0x000000008781a60c       0x1c common/built-in.o
 .text.board_init_f
                0x000000008781a628       0x68 common/built-in.o
                0x000000008781a628                board_init_f
 .text.bootstage_relocate
                0x000000008781a690        0x8 common/built-in.o
 .text.initr_trace
                0x000000008781a698        0x8 common/built-in.o
 .text.initr_reloc
                0x000000008781a6a0       0x18 common/built-in.o
 .text.initr_barrier
                0x000000008781a6b8        0x8 common/built-in.o
 .text.initr_console_record
                0x000000008781a6c0        0x8 common/built-in.o
 .text.power_init_board
                0x000000008781a6c8        0x8 common/built-in.o
                0x000000008781a6c8                power_init_board
 .text.initr_announce
                0x000000008781a6d0        0x8 common/built-in.o
 .text.run_main_loop
                0x000000008781a6d8        0xc common/built-in.o
 .text.initr_check_fastboot
                0x000000008781a6e4       0x10 common/built-in.o
 .text.initr_net
                0x000000008781a6f4       0x1c common/built-in.o
 .text.initr_fastboot_setup
                0x000000008781a710       0x10 common/built-in.o
 .text.initr_ethaddr
                0x000000008781a720       0x20 common/built-in.o
 .text.initr_enable_interrupts
                0x000000008781a740       0x10 common/built-in.o
 .text.initr_jumptable
                0x000000008781a750       0x10 common/built-in.o
 .text.initr_env
                0x000000008781a760       0x64 common/built-in.o
 .text.initr_mmc
                0x000000008781a7c4       0x20 common/built-in.o
 .text.initr_nand
                0x000000008781a7e4       0x30 common/built-in.o
 .text.initr_serial
                0x000000008781a814       0x10 common/built-in.o
 .text.initr_dm
                0x000000008781a824       0x14 common/built-in.o
 .text.initr_bootstage
                0x000000008781a838       0x14 common/built-in.o
 .text.initr_malloc
                0x000000008781a84c       0x24 common/built-in.o
 .text.initr_reloc_global_data
                0x000000008781a870       0x48 common/built-in.o
 .text.initr_caches
                0x000000008781a8b8       0x10 common/built-in.o
 .text.cpu_secondary_init_r
                0x000000008781a8c8        0x4 common/built-in.o
                0x000000008781a8c8                cpu_secondary_init_r
 .text.initr_secondary_cpu
                0x000000008781a8cc       0x10 common/built-in.o
 .text.board_init_r
                0x000000008781a8dc       0x64 common/built-in.o
                0x000000008781a8dc                board_init_r
 .text.show_board_info
                0x000000008781a940       0x38 common/built-in.o
                0x000000008781a940                show_board_info
 .text.bootm_find_images
                0x000000008781a978       0xa8 common/built-in.o
                0x000000008781a978                bootm_find_images
 .text.bootm_decomp_image
                0x000000008781aa20      0x180 common/built-in.o
                0x000000008781aa20                bootm_decomp_image
 .text.bootm_disable_interrupts
                0x000000008781aba0       0x18 common/built-in.o
                0x000000008781aba0                bootm_disable_interrupts
 .text.do_bootm_states
                0x000000008781abb8      0x7e8 common/built-in.o
                0x000000008781abb8                do_bootm_states
 .text.switch_to_non_secure_mode
                0x000000008781b3a0        0x4 common/built-in.o
                0x000000008781b3a0                switch_to_non_secure_mode
 .text.do_bootm_vxworks
                0x000000008781b3a4      0x128 common/built-in.o
                0x000000008781b3a4                do_bootm_vxworks
 .text.copy_args
                0x000000008781b4cc       0x50 common/built-in.o
 .text.do_bootm_rtems
                0x000000008781b51c       0x40 common/built-in.o
 .text.do_bootm_plan9
                0x000000008781b55c       0xa4 common/built-in.o
 .text.do_bootm_standalone
                0x000000008781b600       0x64 common/built-in.o
 .text.do_bootm_qnxelf
                0x000000008781b664       0x78 common/built-in.o
 .text.do_bootm_netbsd
                0x000000008781b6dc       0xf8 common/built-in.o
 .text.board_preboot_os
                0x000000008781b7d4        0x4 common/built-in.o
                0x000000008781b7d4                board_preboot_os
 .text.boot_selected_os
                0x000000008781b7d8       0x5c common/built-in.o
                0x000000008781b7d8                boot_selected_os
 .text.bootm_os_get_boot_func
                0x000000008781b834       0x10 common/built-in.o
                0x000000008781b834                bootm_os_get_boot_func
 .text.of_bus_default_map
                0x000000008781b844       0xdc common/built-in.o
 .text.fdt_support_default_count_cells
                0x000000008781b920       0x58 common/built-in.o
                0x000000008781b920                fdt_support_default_count_cells
 .text.of_bus_default_translate
                0x000000008781b978       0xa4 common/built-in.o
 .text.fdt_find_and_setprop
                0x000000008781ba1c       0x70 common/built-in.o
                0x000000008781ba1c                fdt_find_and_setprop
 .text.fdt_find_or_add_subnode
                0x000000008781ba8c       0x68 common/built-in.o
                0x000000008781ba8c                fdt_find_or_add_subnode
 .text.fdt_root
                0x000000008781baf4       0x90 common/built-in.o
                0x000000008781baf4                fdt_root
 .text.fdt_initrd
                0x000000008781bb84      0x1c8 common/built-in.o
                0x000000008781bb84                fdt_initrd
 .text.fdt_chosen
                0x000000008781bd4c       0xa8 common/built-in.o
                0x000000008781bd4c                fdt_chosen
 .text.do_fixup_by_path
                0x000000008781bdf4       0x54 common/built-in.o
                0x000000008781bdf4                do_fixup_by_path
 .text.fdt_fixup_memory_banks
                0x000000008781be48      0x238 common/built-in.o
                0x000000008781be48                fdt_fixup_memory_banks
 .text.fdt_fixup_memory
                0x000000008781c080       0x20 common/built-in.o
                0x000000008781c080                fdt_fixup_memory
 .text.fdt_fixup_ethernet
                0x000000008781c0a0      0x1a4 common/built-in.o
                0x000000008781c0a0                fdt_fixup_ethernet
 .text.fdt_shrink_to_minimum
                0x000000008781c244       0xd4 common/built-in.o
                0x000000008781c244                fdt_shrink_to_minimum
 .text.fdt_increase_size
                0x000000008781c318       0x14 common/built-in.o
                0x000000008781c318                fdt_increase_size
 .text.fdt_translate_address
                0x000000008781c32c      0x29c common/built-in.o
                0x000000008781c32c                fdt_translate_address
 .text.fdt_overlay_apply_verbose
                0x000000008781c5c8       0x6c common/built-in.o
                0x000000008781c5c8                fdt_overlay_apply_verbose
 .text.miiphy_get_dev_by_name
                0x000000008781c634       0x60 common/built-in.o
                0x000000008781c634                miiphy_get_dev_by_name
 .text.miiphy_init
                0x000000008781c694       0x24 common/built-in.o
                0x000000008781c694                miiphy_init
 .text.mdio_alloc
                0x000000008781c6b8       0x30 common/built-in.o
                0x000000008781c6b8                mdio_alloc
 .text.mdio_free
                0x000000008781c6e8        0x4 common/built-in.o
                0x000000008781c6e8                mdio_free
 .text.mdio_register
                0x000000008781c6ec       0x9c common/built-in.o
                0x000000008781c6ec                mdio_register
 .text.mdio_unregister
                0x000000008781c788       0x3c common/built-in.o
                0x000000008781c788                mdio_unregister
 .text.mdio_list_devices
                0x000000008781c7c4       0x9c common/built-in.o
                0x000000008781c7c4                mdio_list_devices
 .text.miiphy_set_current_dev
                0x000000008781c860       0x40 common/built-in.o
                0x000000008781c860                miiphy_set_current_dev
 .text.miiphy_get_active_dev
                0x000000008781c8a0       0x54 common/built-in.o
 .text.mdio_get_current_dev
                0x000000008781c8f4       0x10 common/built-in.o
                0x000000008781c8f4                mdio_get_current_dev
 .text.mdio_phydev_for_ethname
                0x000000008781c904       0x8c common/built-in.o
                0x000000008781c904                mdio_phydev_for_ethname
 .text.miiphy_get_current_dev
                0x000000008781c990       0x18 common/built-in.o
                0x000000008781c990                miiphy_get_current_dev
 .text.miiphy_read
                0x000000008781c9a8       0x4c common/built-in.o
                0x000000008781c9a8                miiphy_read
 .text.miiphy_write
                0x000000008781c9f4       0x40 common/built-in.o
                0x000000008781c9f4                miiphy_write
 .text.miiphy_listdev
                0x000000008781ca34       0x74 common/built-in.o
                0x000000008781ca34                miiphy_listdev
 .text.miiphy_info
                0x000000008781caa8       0x88 common/built-in.o
                0x000000008781caa8                miiphy_info
 .text.miiphy_speed
                0x000000008781cb30       0xc8 common/built-in.o
                0x000000008781cb30                miiphy_speed
 .text.miiphy_duplex
                0x000000008781cbf8       0xc0 common/built-in.o
                0x000000008781cbf8                miiphy_duplex
 .text.miiphy_is_1000base_x
                0x000000008781ccb8        0x8 common/built-in.o
                0x000000008781ccb8                miiphy_is_1000base_x
 .text.usb_set_maxpacket_ep
                0x000000008781ccc0       0x70 common/built-in.o
 .text.usb_control_msg
                0x000000008781cd30       0x9c common/built-in.o
                0x000000008781cd30                usb_control_msg
 .text.usb_get_descriptor
                0x000000008781cdcc       0x58 common/built-in.o
 .text.get_descriptor_len
                0x000000008781ce24       0x90 common/built-in.o
 .text.usb_setup_descriptor
                0x000000008781ceb4       0xd8 common/built-in.o
 .text.usb_get_string
                0x000000008781cf8c       0x70 common/built-in.o
 .text.usb_string_sub
                0x000000008781cffc      0x108 common/built-in.o
 .text.usb_bulk_msg
                0x000000008781d104       0x7c common/built-in.o
                0x000000008781d104                usb_bulk_msg
 .text.usb_maxpacket
                0x000000008781d180       0x1c common/built-in.o
                0x000000008781d180                usb_maxpacket
 .text.usb_clear_halt
                0x000000008781d19c       0x90 common/built-in.o
                0x000000008781d19c                usb_clear_halt
 .text.usb_get_configuration_len
                0x000000008781d22c       0x74 common/built-in.o
                0x000000008781d22c                usb_get_configuration_len
 .text.usb_get_configuration_no
                0x000000008781d2a0       0x34 common/built-in.o
                0x000000008781d2a0                usb_get_configuration_no
 .text.usb_set_interface
                0x000000008781d2d4       0xb4 common/built-in.o
                0x000000008781d2d4                usb_set_interface
 .text.usb_string
                0x000000008781d388      0x104 common/built-in.o
                0x000000008781d388                usb_string
 .text.usb_select_config
                0x000000008781d48c      0x46c common/built-in.o
                0x000000008781d48c                usb_select_config
 .text.usb_setup_device
                0x000000008781d8f8      0x100 common/built-in.o
                0x000000008781d8f8                usb_setup_device
 .text.board_usb_init
                0x000000008781d9f8        0x8 common/built-in.o
                0x000000008781d9f8                board_usb_init
 .text.board_usb_cleanup
                0x000000008781da00        0x8 common/built-in.o
                0x000000008781da00                board_usb_cleanup
 .text.usb_device_has_child_on_port
                0x000000008781da08        0x8 common/built-in.o
                0x000000008781da08                usb_device_has_child_on_port
 .text.usb_find_usb2_hub_address_port
                0x000000008781da10       0x78 common/built-in.o
                0x000000008781da10                usb_find_usb2_hub_address_port
 .text.usb_set_port_feature
                0x000000008781da88       0x4c common/built-in.o
 .text.usb_clear_port_feature
                0x000000008781dad4       0x4c common/built-in.o
 .text.usb_get_hub_descriptor
                0x000000008781db20       0x5c common/built-in.o
 .text.usb_hub_reset_devices
                0x000000008781db7c        0x4 common/built-in.o
                0x000000008781db7c                usb_hub_reset_devices
 .text.usb_hub_is_root_hub
                0x000000008781db80       0x18 common/built-in.o
                0x000000008781db80                usb_hub_is_root_hub
 .text.usb_get_port_status
                0x000000008781db98       0xac common/built-in.o
                0x000000008781db98                usb_get_port_status
 .text.usb_hub_port_connect_change
                0x000000008781dc44      0x178 common/built-in.o
                0x000000008781dc44                usb_hub_port_connect_change
 .text.usb_hub_configure
                0x000000008781ddbc      0x5c8 common/built-in.o
 .text.usb_hub_scan
                0x000000008781e384       0x10 common/built-in.o
                0x000000008781e384                usb_hub_scan
 .text.usb_hub_post_probe
                0x000000008781e394        0x4 common/built-in.o
 .text.usb_stor_irq
                0x000000008781e398       0x1c common/built-in.o
 .text.usb_stor_BBB_reset
                0x000000008781e3b4       0xd4 common/built-in.o
 .text.usb_stor_CB_reset
                0x000000008781e488       0xd4 common/built-in.o
 .text.usb_stor_BBB_clear_endpt_stall.isra.0
                0x000000008781e55c       0x40 common/built-in.o
 .text.usb_stor_BBB_transport
                0x000000008781e59c      0x268 common/built-in.o
 .text.usb_stor_CB_comdat
                0x000000008781e804      0x20c common/built-in.o
 .text.usb_stor_CBI_get_status.isra.2
                0x000000008781ea10       0xc8 common/built-in.o
 .text.usb_stor_CB_transport
                0x000000008781ead8      0x22c common/built-in.o
 .text.usb_request_sense.constprop.11
                0x000000008781ed04       0x70 common/built-in.o
 .text.usb_stor_read
                0x000000008781ed74      0x16c common/built-in.o
 .text.usb_stor_write
                0x000000008781eee0      0x16c common/built-in.o
 .text.usb_stor_info
                0x000000008781f04c       0x70 common/built-in.o
                0x000000008781f04c                usb_stor_info
 .text.usb_stor_reset
                0x000000008781f0bc       0x14 common/built-in.o
                0x000000008781f0bc                usb_stor_reset
 .text.usb_stor_scan
                0x000000008781f0d0       0x48 common/built-in.o
                0x000000008781f0d0                usb_stor_scan
 .text.usb_storage_probe
                0x000000008781f118      0x23c common/built-in.o
                0x000000008781f118                usb_storage_probe
 .text.usb_stor_get_info
                0x000000008781f354      0x308 common/built-in.o
                0x000000008781f354                usb_stor_get_info
 .text.usb_mass_storage_probe
                0x000000008781f65c      0x16c common/built-in.o
 .text.iomux_doenv
                0x000000008781f7c8      0x1c8 common/built-in.o
                0x000000008781f7c8                iomux_doenv
 .text.splash_screen_prepare
                0x000000008781f990        0x8 common/built-in.o
                0x000000008781f990                splash_screen_prepare
 .text.splash_get_pos
                0x000000008781f998       0x84 common/built-in.o
                0x000000008781f998                splash_get_pos
 .text.delete_char.part.0
                0x000000008781fa1c       0xd0 common/built-in.o
 .text.cread_add_char
                0x000000008781faec       0xe8 common/built-in.o
 .text.cli_readline_into_buffer
                0x000000008781fbd4      0xa78 common/built-in.o
                0x000000008781fbd4                cli_readline_into_buffer
 .text.cli_readline
                0x000000008782064c       0x14 common/built-in.o
                0x000000008782064c                cli_readline
 .text.console_tstc
                0x0000000087820660       0x8c common/built-in.o
 .text.console_putc
                0x00000000878206ec       0x54 common/built-in.o
 .text.console_puts
                0x0000000087820740       0x54 common/built-in.o
 .text.on_console
                0x0000000087820794       0xc4 common/built-in.o
 .text.serial_printf
                0x0000000087820858       0x44 common/built-in.o
                0x0000000087820858                serial_printf
 .text.console_getc.isra.0
                0x000000008782089c       0x28 common/built-in.o
 .text.tstc     0x00000000878208c4       0x24 common/built-in.o
                0x00000000878208c4                tstc
 .text.putc     0x00000000878208e8       0x30 common/built-in.o
                0x00000000878208e8                putc
 .text.puts     0x0000000087820918       0x30 common/built-in.o
                0x0000000087820918                puts
 .text.getc     0x0000000087820948       0x44 common/built-in.o
                0x0000000087820948                getc
 .text.fputs    0x000000008782098c        0xc common/built-in.o
                0x000000008782098c                fputs
 .text.ctrlc    0x0000000087820998       0x58 common/built-in.o
                0x0000000087820998                ctrlc
 .text.confirm_yesno
                0x00000000878209f0       0xd4 common/built-in.o
                0x00000000878209f0                confirm_yesno
 .text.disable_ctrlc
                0x0000000087820ac4       0x18 common/built-in.o
                0x0000000087820ac4                disable_ctrlc
 .text.had_ctrlc
                0x0000000087820adc       0x10 common/built-in.o
                0x0000000087820adc                had_ctrlc
 .text.clear_ctrlc
                0x0000000087820aec       0x14 common/built-in.o
                0x0000000087820aec                clear_ctrlc
 .text.search_device
                0x0000000087820b00       0x28 common/built-in.o
                0x0000000087820b00                search_device
 .text.console_assign
                0x0000000087820b28       0xd8 common/built-in.o
                0x0000000087820b28                console_assign
 .text.console_init_f
                0x0000000087820c00       0x10 common/built-in.o
                0x0000000087820c00                console_init_f
 .text.stdio_print_current_devices
                0x0000000087820c10       0xb0 common/built-in.o
                0x0000000087820c10                stdio_print_current_devices
 .text.console_init_r
                0x0000000087820cc0      0x1b4 common/built-in.o
                0x0000000087820cc0                console_init_r
 .text.sbrk     0x0000000087820e74       0x6c common/built-in.o
                0x0000000087820e74                sbrk
 .text.mem_malloc_init
                0x0000000087820ee0       0x34 common/built-in.o
                0x0000000087820ee0                mem_malloc_init
 .text.malloc_trim
                0x0000000087820f14       0xcc common/built-in.o
                0x0000000087820f14                malloc_trim
 .text.free     0x0000000087820fe0      0x248 common/built-in.o
                0x0000000087820fe0                free
 .text.malloc   0x0000000087821228      0x61c common/built-in.o
                0x0000000087821228                malloc
 .text.calloc   0x0000000087821844      0x148 common/built-in.o
                0x0000000087821844                calloc
 .text.realloc  0x000000008782198c      0x428 common/built-in.o
                0x000000008782198c                realloc
 .text.memalign
                0x0000000087821db4      0x198 common/built-in.o
                0x0000000087821db4                memalign
 .text.initf_malloc
                0x0000000087821f4c       0x18 common/built-in.o
                0x0000000087821f4c                initf_malloc
 .text.alloc_simple
                0x0000000087821f64       0x4c common/built-in.o
 .text.malloc_simple
                0x0000000087821fb0        0x8 common/built-in.o
                0x0000000087821fb0                malloc_simple
 .text.on_loadaddr
                0x0000000087821fb8       0x38 common/built-in.o
 .text.image_check_hcrc
                0x0000000087821ff0       0x4c common/built-in.o
                0x0000000087821ff0                image_check_hcrc
 .text.image_check_dcrc
                0x000000008782203c       0x38 common/built-in.o
                0x000000008782203c                image_check_dcrc
 .text.image_multi_count
                0x0000000087822074       0x1c common/built-in.o
                0x0000000087822074                image_multi_count
 .text.image_multi_getimg
                0x0000000087822090       0x80 common/built-in.o
                0x0000000087822090                image_multi_getimg
 .text.env_get_bootm_low
                0x0000000087822110       0x30 common/built-in.o
                0x0000000087822110                env_get_bootm_low
 .text.env_get_bootm_size
                0x0000000087822140       0x68 common/built-in.o
                0x0000000087822140                env_get_bootm_size
 .text.env_get_bootm_mapsize
                0x00000000878221a8       0x30 common/built-in.o
                0x00000000878221a8                env_get_bootm_mapsize
 .text.memmove_wd
                0x00000000878221d8        0xc common/built-in.o
                0x00000000878221d8                memmove_wd
 .text.genimg_print_size
                0x00000000878221e4       0x30 common/built-in.o
                0x00000000878221e4                genimg_print_size
 .text.get_table_entry
                0x0000000087822214       0x24 common/built-in.o
                0x0000000087822214                get_table_entry
 .text.get_table_entry_name
                0x0000000087822238       0x20 common/built-in.o
                0x0000000087822238                get_table_entry_name
 .text.genimg_get_os_name
                0x0000000087822258       0x18 common/built-in.o
                0x0000000087822258                genimg_get_os_name
 .text.genimg_get_arch_name
                0x0000000087822270       0x18 common/built-in.o
                0x0000000087822270                genimg_get_arch_name
 .text.genimg_get_type_name
                0x0000000087822288       0x18 common/built-in.o
                0x0000000087822288                genimg_get_type_name
 .text.genimg_get_comp_name
                0x00000000878222a0       0x18 common/built-in.o
                0x00000000878222a0                genimg_get_comp_name
 .text.image_print_contents
                0x00000000878222b8      0x1a4 common/built-in.o
                0x00000000878222b8                image_print_contents
 .text.genimg_get_kernel_addr_fit
                0x000000008782245c       0x24 common/built-in.o
                0x000000008782245c                genimg_get_kernel_addr_fit
 .text.genimg_get_format
                0x0000000087822480       0x50 common/built-in.o
                0x0000000087822480                genimg_get_format
 .text.genimg_has_config
                0x00000000878224d0        0x8 common/built-in.o
                0x00000000878224d0                genimg_has_config
 .text.boot_get_ramdisk
                0x00000000878224d8      0x2c8 common/built-in.o
                0x00000000878224d8                boot_get_ramdisk
 .text.boot_ramdisk_high
                0x00000000878227a0      0x138 common/built-in.o
                0x00000000878227a0                boot_ramdisk_high
 .text.boot_get_setup
                0x00000000878228d8        0x8 common/built-in.o
                0x00000000878228d8                boot_get_setup
 .text.image_setup_linux
                0x00000000878228e0       0x68 common/built-in.o
                0x00000000878228e0                image_setup_linux
 .text.android_image_get_kernel
                0x0000000087822948      0x614 common/built-in.o
                0x0000000087822948                android_image_get_kernel
 .text.android_image_check_header
                0x0000000087822f5c       0x14 common/built-in.o
                0x0000000087822f5c                android_image_check_header
 .text.android_image_get_end
                0x0000000087822f70       0xb0 common/built-in.o
                0x0000000087822f70                android_image_get_end
 .text.android_image_get_kload
                0x0000000087823020       0x50 common/built-in.o
                0x0000000087823020                android_image_get_kload
 .text.android_image_get_ramdisk
                0x0000000087823070      0x114 common/built-in.o
                0x0000000087823070                android_image_get_ramdisk
 .text.android_image_get_second
                0x0000000087823184      0x13c common/built-in.o
                0x0000000087823184                android_image_get_second
 .text.android_print_contents
                0x00000000878232c0      0x218 common/built-in.o
                0x00000000878232c0                android_print_contents
 .text.fdt_error
                0x00000000878234d8       0x2c common/built-in.o
 .text.boot_fdt_add_mem_rsv_regions
                0x0000000087823504      0x16c common/built-in.o
                0x0000000087823504                boot_fdt_add_mem_rsv_regions
 .text.boot_relocate_fdt
                0x0000000087823670      0x198 common/built-in.o
                0x0000000087823670                boot_relocate_fdt
 .text.boot_get_fdt
                0x0000000087823808      0x31c common/built-in.o
                0x0000000087823808                boot_get_fdt
 .text.ft_verify_fdt
                0x0000000087823b24        0x8 common/built-in.o
                0x0000000087823b24                ft_verify_fdt
 .text.image_setup_libfdt
                0x0000000087823b2c      0x140 common/built-in.o
                0x0000000087823b2c                image_setup_libfdt
 .text.get_effective_memsize
                0x0000000087823c6c        0x8 common/built-in.o
                0x0000000087823c6c                get_effective_memsize
 .text.nulldev_putc
                0x0000000087823c74        0x4 common/built-in.o
 .text.nulldev_puts
                0x0000000087823c78        0x4 common/built-in.o
 .text.nulldev_input
                0x0000000087823c7c        0x8 common/built-in.o
 .text.stdio_serial_tstc
                0x0000000087823c84        0x4 common/built-in.o
 .text.stdio_serial_getc
                0x0000000087823c88        0x4 common/built-in.o
 .text.stdio_serial_puts
                0x0000000087823c8c        0x8 common/built-in.o
 .text.stdio_serial_putc
                0x0000000087823c94        0x8 common/built-in.o
 .text.stdio_get_list
                0x0000000087823c9c        0xc common/built-in.o
                0x0000000087823c9c                stdio_get_list
 .text.stdio_get_by_name
                0x0000000087823ca8       0x5c common/built-in.o
                0x0000000087823ca8                stdio_get_by_name
 .text.stdio_clone
                0x0000000087823d04       0x38 common/built-in.o
                0x0000000087823d04                stdio_clone
 .text.stdio_register_dev
                0x0000000087823d3c       0x50 common/built-in.o
                0x0000000087823d3c                stdio_register_dev
 .text.stdio_register
                0x0000000087823d8c        0x8 common/built-in.o
                0x0000000087823d8c                stdio_register
 .text.stdio_init_tables
                0x0000000087823d94       0x1c common/built-in.o
                0x0000000087823d94                stdio_init_tables
 .text.stdio_add_devices
                0x0000000087823db0       0xd0 common/built-in.o
                0x0000000087823db0                stdio_add_devices
 .text.run_command
                0x0000000087823e80       0x10 common/built-in.o
                0x0000000087823e80                run_command
 .text.run_command_list
                0x0000000087823e90       0x7c common/built-in.o
                0x0000000087823e90                run_command_list
 .text.do_run   0x0000000087823f0c       0x78 common/built-in.o
                0x0000000087823f0c                do_run
 .text.cli_process_fdt
                0x0000000087823f84       0x40 common/built-in.o
                0x0000000087823f84                cli_process_fdt
 .text.cli_secure_boot_cmd
                0x0000000087823fc4       0x78 common/built-in.o
                0x0000000087823fc4                cli_secure_boot_cmd
 .text.cli_loop
                0x000000008782403c        0xc common/built-in.o
                0x000000008782403c                cli_loop
 .text.cli_init
                0x0000000087824048        0x4 common/built-in.o
                0x0000000087824048                cli_init
 .text.find_cmd_tbl
                0x000000008782404c       0xa4 common/built-in.o
                0x000000008782404c                find_cmd_tbl
 .text.find_cmd
                0x00000000878240f0       0x28 common/built-in.o
                0x00000000878240f0                find_cmd
 .text.cmd_usage
                0x0000000087824118       0x5c common/built-in.o
                0x0000000087824118                cmd_usage
 .text._do_help
                0x0000000087824174      0x180 common/built-in.o
                0x0000000087824174                _do_help
 .text.var_complete
                0x00000000878242f4       0x98 common/built-in.o
                0x00000000878242f4                var_complete
 .text.complete_subcmdv
                0x000000008782438c      0x19c common/built-in.o
                0x000000008782438c                complete_subcmdv
 .text.cmd_auto_complete
                0x0000000087824528      0x3f8 common/built-in.o
                0x0000000087824528                cmd_auto_complete
 .text.cmd_get_data_size
                0x0000000087824920       0x5c common/built-in.o
                0x0000000087824920                cmd_get_data_size
 .text.cmd_always_repeatable
                0x000000008782497c       0x1c common/built-in.o
                0x000000008782497c                cmd_always_repeatable
 .text.cmd_never_repeatable
                0x0000000087824998       0x1c common/built-in.o
                0x0000000087824998                cmd_never_repeatable
 .text.cmd_discard_repeatable
                0x00000000878249b4       0x1c common/built-in.o
                0x00000000878249b4                cmd_discard_repeatable
 .text.cmd_process
                0x00000000878249d0      0x104 common/built-in.o
                0x00000000878249d0                cmd_process
 .text.cmd_process_error
                0x0000000087824ad4       0x38 common/built-in.o
                0x0000000087824ad4                cmd_process_error
 .text.hex1_bin
                0x0000000087824b0c       0x40 common/built-in.o
 .text.hex2_bin
                0x0000000087824b4c       0x38 common/built-in.o
 .text.srec_decode
                0x0000000087824b84      0x254 common/built-in.o
                0x0000000087824b84                srec_decode
 .text.CYGACC_COMM_IF_GETC_TIMEOUT.isra.0
                0x0000000087824dd8       0x4c common/built-in.o
 .text.xyzModem_flush
                0x0000000087824e24       0x1c common/built-in.o
 .text.xyzModem_get_hdr
                0x0000000087824e40      0x234 common/built-in.o
 .text.xyzModem_stream_open
                0x0000000087825074      0x23c common/built-in.o
                0x0000000087825074                xyzModem_stream_open
 .text.xyzModem_stream_read
                0x00000000878252b0      0x258 common/built-in.o
                0x00000000878252b0                xyzModem_stream_read
 .text.xyzModem_stream_close
                0x0000000087825508       0x54 common/built-in.o
                0x0000000087825508                xyzModem_stream_close
 .text.xyzModem_stream_terminate
                0x000000008782555c       0x94 common/built-in.o
                0x000000008782555c                xyzModem_stream_terminate
 .text.xyzModem_error
                0x00000000878255f0       0x20 common/built-in.o
                0x00000000878255f0                xyzModem_error
 .text.part_driver_lookup_type
                0x0000000087825610       0x84 disk/built-in.o
 .text.blk_get_dev
                0x0000000087825694       0x30 disk/built-in.o
                0x0000000087825694                blk_get_dev
 .text.dev_print
                0x00000000878256c4      0x238 disk/built-in.o
                0x00000000878256c4                dev_print
 .text.part_init
                0x00000000878258fc       0x64 disk/built-in.o
                0x00000000878258fc                part_init
 .text.part_print
                0x0000000087825960      0x12c disk/built-in.o
                0x0000000087825960                part_print
 .text.part_get_info
                0x0000000087825a8c       0x60 disk/built-in.o
                0x0000000087825a8c                part_get_info
 .text.part_get_info_whole_disk
                0x0000000087825aec       0x50 disk/built-in.o
                0x0000000087825aec                part_get_info_whole_disk
 .text.blk_get_device_by_str
                0x0000000087825b3c      0x138 disk/built-in.o
                0x0000000087825b3c                blk_get_device_by_str
 .text.blk_get_device_part_str
                0x0000000087825c74      0x44c disk/built-in.o
                0x0000000087825c74                blk_get_device_part_str
 .text.part_get_info_by_name_type
                0x00000000878260c0       0x78 disk/built-in.o
                0x00000000878260c0                part_get_info_by_name_type
 .text.part_get_info_by_name
                0x0000000087826138        0x8 disk/built-in.o
                0x0000000087826138                part_get_info_by_name
 .text.part_set_generic_name
                0x0000000087826140       0x4c disk/built-in.o
                0x0000000087826140                part_set_generic_name
 .text.test_block_type
                0x000000008782618c       0x84 disk/built-in.o
 .text.print_partition_extended
                0x0000000087826210      0x270 disk/built-in.o
 .text.part_print_dos
                0x0000000087826480       0x34 disk/built-in.o
                0x0000000087826480                part_print_dos
 .text.part_test_dos
                0x00000000878264b4       0x6c disk/built-in.o
 .text.part_get_info_extended
                0x0000000087826520      0x2d0 disk/built-in.o
 .text.part_get_info_dos
                0x00000000878267f0       0x24 disk/built-in.o
                0x00000000878267f0                part_get_info_dos
 .text.print_efiname
                0x0000000087826814       0x58 disk/built-in.o
 .text.part_test_efi
                0x000000008782686c       0xd0 disk/built-in.o
 .text.validate_gpt_header
                0x000000008782693c      0x224 disk/built-in.o
 .text.is_gpt_valid
                0x0000000087826b60      0x2d8 disk/built-in.o
 .text.is_pte_valid
                0x0000000087826e38       0x58 disk/built-in.o
 .text.part_print_efi
                0x0000000087826e90      0x270 disk/built-in.o
                0x0000000087826e90                part_print_efi
 .text.part_get_info_efi
                0x0000000087827100      0x1d4 disk/built-in.o