ci_udc.c:354:12:ci_ep_disable	0	static
ci_udc.c:534:12:ci_ep_dequeue	8	static
ci_udc.c:288:13:ci_ep_free_request	8	static
ci_udc.c:264:1:ci_ep_alloc_request	8	static
ci_udc.c:213:13:ci_flush_qtd	0	static
ci_udc.c:183:13:ci_flush_qh	0	static
ci_udc.c:769:13:stop_activity	24	static
ci_udc.c:308:13:ep_enable	16	static
ci_udc.c:328:12:ci_ep_enable	8	static
ci_udc.c:427:13:ci_ep_submit_next_request	48	static
ci_udc.c:558:12:ci_ep_queue	16	static
ci_udc.c:107:13:ci_init_after_reset	0	static
ci_udc.c:797:6:udc_irq	64	static
ci_udc.c:866:5:usb_gadget_handle_interrupts	8	static
ci_udc.c:878:6:udc_disconnect	16	static
ci_udc.c:889:12:ci_pullup	16	static
ci_udc.c:1010:5:usb_gadget_register_driver	32	static
ci_udc.c:1043:5:usb_gadget_unregister_driver	16	static
ci_udc.c:1064:6:dfu_usb_get_reset	0	static
