f_fastboot.c:319:28:fastboot_start_ep	16	static
f_fastboot.c:293:13:fastboot_unbind	0	static
f_fastboot.c:390:12:fastboot_add	16	static
f_fastboot.c:300:13:fastboot_disable	8	static
f_fastboot.c:220:13:fastboot_complete	0	static
f_fastboot.c:567:13:do_acmd_complete	0	static
f_fastboot.c:490:13:compl_do_reset	0	static
f_fastboot.c:555:13:do_exit_on_complete	0	static
f_fastboot.c:560:13:do_bootm_on_complete	8	static
f_fastboot.c:228:12:fastboot_bind	40	static
f_fastboot.c:202:13:fastboot_fifo_complete	8	static
f_fastboot.c:495:21:rx_bytes_expected.isra.3	16	static
f_fastboot.c:338:12:fastboot_set_alt	16	static
f_fastboot.c:423:5:fastboot_tx_write_more	24	static
f_fastboot.c:466:5:fastboot_tx_write	16	static
f_fastboot.c:485:12:fastboot_tx_write_str	8	static
f_fastboot.c:578:13:rx_handler_command	96	static
f_fastboot.c:519:13:rx_handler_dl_image	88	static
