composite.c:290:12:count_configs	4	static
composite.c:628:13:collect_langs	8	static
composite.c:839:13:composite_setup_complete	0	static
composite.c:903:12:count_ext_prop	4	static
composite.c:921:12:len_ext_prop	4	static
composite.c:1426:1:composite_suspend	16	static
composite.c:1445:1:composite_resume	16	static
g_dnl.c:92:12:g_dnl_unbind	8	static
composite.c:647:12:lookup_string	24	static
composite.c:1324:13:composite_unbind	32	static
composite.c:1371:12:composite_bind	16	static
g_dnl.c:115:12:g_dnl_do_config	24	static
composite.c:413:13:reset_config.isra.7	16	static
composite.c:1314:13:composite_disconnect	8	static
composite.c:846:12:count_ext_compat	16	static
composite.c:1004:1:composite_setup	80	static
composite.c:52:5:usb_add_function	16	static
composite.c:109:5:usb_function_deactivate	8	static
composite.c:132:5:usb_function_activate	0	static
composite.c:171:5:usb_interface_id	0	static
composite.c:543:5:usb_add_config	24	static
composite.c:764:5:usb_string_id	0	static
composite.c:794:5:usb_string_ids_tab	0	static
composite.c:828:5:usb_string_ids_n	0	static
composite.c:1492:5:usb_composite_register	8	static
composite.c:1517:6:usb_composite_unregister	8	static
g_dnl.c:50:6:g_dnl_set_serialnumber	16	static
g_dnl.c:211:12:on_serialno	8	static
g_dnl.c:150:5:board_usb_init	0	static
g_dnl.c:156:5:board_usb_cleanup	0	static
g_dnl.c:162:5:g_dnl_bind_fixup	0	static
g_dnl.c:167:12:g_dnl_get_board_bcd_device_number	0	static
g_dnl.c:219:12:g_dnl_bind	24	static
g_dnl.c:172:12:g_dnl_board_usb_cable_connected	0	static
g_dnl.c:179:6:g_dnl_detach	0	static
g_dnl.c:184:6:g_dnl_trigger_detach	0	static
g_dnl.c:189:6:g_dnl_clear_detach	0	static
g_dnl.c:291:5:g_dnl_register	8	static
g_dnl.c:306:6:g_dnl_unregister	0	static
