build.c:483:13:kill_volumes	16	static
build.c:182:5:ubi_volume_notify	104	static
build.c:214:5:ubi_notify_all	112	static
build.c:258:5:ubi_enumerate_volumes	24	static
build.c:286:20:ubi_get_device	8	static
build.c:306:6:ubi_put_device	0	static
build.c:321:20:ubi_get_by_major	8	static
build.c:350:5:ubi_major2num	0	static
build.c:594:6:ubi_free_internal_volumes	16	static
build.c:879:5:ubi_attach_mtd_dev	240	static
build.c:1104:5:ubi_detach_mtd_dev	24	static
build.c:1243:5:ubi_init	40	static
build.c:1364:6:ubi_exit	16	static
build.c:1425:5:kstrtoint	8	static
build.c:1447:5:ubi_mtd_param_parse	112	static
