debug.c:24:6:ubi_dump_flash	56	static
debug.c:53:6:ubi_dump_ec_hdr	24	static
debug.c:72:6:ubi_dump_vid_hdr	24	static
debug.c:97:6:ubi_dump_vol_info	24	static
debug.c:128:6:ubi_dump_vtbl_record	24	static
debug.c:160:6:ubi_dump_av	8	static
debug.c:178:6:ubi_dump_aeb	16	static
debug.c:194:6:ubi_dump_mkvol_req	32	static
debug.c:538:5:ubi_debugfs_init	0	static
debug.c:543:6:ubi_debugfs_exit	0	static
debug.c:547:5:ubi_debugfs_init_dev	0	static
debug.c:552:6:ubi_debugfs_exit_dev	0	static
debug.c:556:5:ubi_dbg_power_cut	0	static
