wl.c:405:12:prot_queue_del	16	static
wl.c:193:12:do_work	16	static
wl.c:282:13:prot_queue_add	16	static
wl.c:561:13:__schedule_ubi_work	8	static
wl.c:1499:13:shutdown_work	16	static
wl.c:302:29:find_wl_entry	16	static
wl.c:144:13:wl_tree_add	24	static
wl.c:180:13:wl_entry_destroy.isra.7	0	static
wl.c:1411:13:tree_destroy	16	static
wl.c:241:12:in_wl_tree	8	static
wl.c:1748:12:self_check_in_wl_tree	24	static
wl.c:1791:29:get_peb_for_wl	16	static
wl.c:527:6:ubi_do_worker	24	static
wl.c:603:12:schedule_erase	24	static
wl.c:980:12:ensure_wear_leveling	16	static
wl.c:1060:12:erase_worker	72	static
wl.c:640:12:do_sync_erase	24	static
wl.c:670:12:wear_leveling_worker	56	static
wl.c:1198:5:ubi_wl_put_peb	48	static
wl.c:1290:5:ubi_wl_scrub_peb	32	static
wl.c:1355:5:ubi_wl_flush	24	static
wl.c:1442:5:ubi_thread	32	static
wl.c:1527:5:ubi_wl_init	40	static
wl.c:1682:6:ubi_wl_close	24	static
wl.c:1839:5:ubi_wl_get_peb	16	static
