ext4_journal.c:91:6:ext4fs_dump_metadata	24	static
ext4_journal.c:104:6:ext4fs_free_journal	24	static
ext4_journal.c:132:5:ext4fs_log_gdt	40	static
ext4_journal.c:154:5:ext4fs_log_journal	40	static
ext4_journal.c:186:5:ext4fs_put_metadata	40	static
ext4_journal.c:206:6:print_revoke_blks	16	static
ext4_journal.c:240:6:ext4fs_push_revoke_blk	32	static
ext4_journal.c:269:6:ext4fs_free_revoke_blks	16	static
ext4_journal.c:292:5:check_blknr_for_revoke	8	static
ext4_journal.c:332:6:recover_transaction	168	static
ext4_journal.c:386:6:print_jrnl_status	0	static
ext4_journal.c:394:5:ext4fs_check_journal_state	168	static
ext4_journal.c:32:5:ext4fs_init_journal	40	static
ext4_journal.c:641:6:ext4fs_update_journal	328	static
