mmc-uclass.c:376:12:mmc_blk_probe	8	static
mmc-uclass.c:36:5:dm_mmc_set_ios	0	static
mmc-uclass.c:45:5:mmc_set_ios	0	static
mmc-uclass.c:50:6:dm_mmc_send_init_stream	0	static
mmc-uclass.c:58:6:mmc_send_init_stream	0	static
mmc-uclass.c:79:5:dm_mmc_get_wp	0	static
mmc-uclass.c:88:5:mmc_getwp	0	static
mmc-uclass.c:93:5:dm_mmc_get_cd	0	static
mmc-uclass.c:102:5:mmc_getcd	0	static
mmc-uclass.c:138:5:mmc_of_parse	16	static
mmc-uclass.c:192:13:mmc_get_mmc_dev	8	static
mmc-uclass.c:14:5:dm_mmc_send_cmd	16	static
mmc-uclass.c:31:5:mmc_send_cmd	0	static
mmc-uclass.c:361:12:mmc_select_hwpart	16	static
mmc-uclass.c:203:13:find_mmc_device	16	static
mmc-uclass.c:224:5:get_mmc_num	8	static
mmc-uclass.c:229:5:mmc_get_next_devnum	0	static
mmc-uclass.c:234:18:mmc_get_blk_desc	16	static
mmc-uclass.c:247:6:mmc_do_preinit	16	static
mmc-uclass.c:273:6:print_mmc_devices	32	static
mmc-uclass.c:309:5:mmc_bind	48	static
mmc-uclass.c:348:5:mmc_unbind	16	static
