mmc.c:708:12:mmc_send_ext_csd	56	static
mmc.c:619:12:mmc_send_op_cond_iter	40	static
mmc.c:456:12:mmc_go_idle	40	static
mmc.c:892:12:mmc_set_capacity	24	static
mmc.c:1757:12:mmc_read_and_compare_ext_csd	592	static
mmc.c:2642:12:mmc_power_on.isra.8	8	static
mmc.c:135:13:mmc_mode_name	0	static
mmc.c:211:5:mmc_send_status	48	static
mmc.c:729:12:__mmc_switch.isra.10	48	static
mmc.c:2121:12:mmc_startup_v4	608	static
mmc.c:770:12:mmc_set_card_speed.constprop	592	static
mmc.c:256:5:mmc_set_blocklen	48	static
mmc.c:400:7:mmc_bread	80	static
mmc.c:764:5:mmc_switch	0	static
mmc.c:952:5:mmc_switch_part	24	static
mmc.c:977:5:mmc_hwpart_config	640	static
mmc.c:1534:5:mmc_set_clock	0	static
mmc.c:2319:12:mmc_startup	432	static
mmc.c:1565:6:mmc_dump_capabilities	0	static
mmc.c:2688:5:mmc_get_op_cond	56	static
mmc.c:2772:5:mmc_start_init	8	static
mmc.c:2826:5:mmc_init	16	static
mmc.c:2877:5:mmc_set_dsr	0	static
mmc.c:2884:12:cpu_mmc_init	0	static
mmc.c:2890:12:board_mmc_init	0	static
mmc.c:2895:6:mmc_set_preinit	0	static
mmc.c:2940:5:mmc_initialize	24	static
