mmc_legacy.c:37:13:find_mmc_device	8	static
mmc_legacy.c:213:12:mmc_select_hwpartp	8	static
mmc_legacy.c:234:12:mmc_get_dev	16	static
mmc_legacy.c:56:5:mmc_get_next_devnum	0	static
mmc_legacy.c:61:18:mmc_get_blk_desc	0	static
mmc_legacy.c:66:5:get_mmc_num	0	static
mmc_legacy.c:71:6:mmc_do_preinit	16	static
mmc_legacy.c:88:6:mmc_list_init	0	static
mmc_legacy.c:94:6:mmc_list_add	0	static
mmc_legacy.c:102:6:print_mmc_devices	32	static
mmc_legacy.c:163:13:mmc_create	16	static
mmc_legacy.c:206:6:mmc_destroy	0	static
