clock.c:384:12:get_ipg_clk	8	static
clock.c:565:12:enable_pll_video.constprop	16	static
clock.c:411:12:get_uart_clk	16	static
clock.c:293:12:mxc_get_pll_pfd	16	static
clock.c:1066:12:get_usdhc_clk	16	static
clock.c:28:6:enable_ocotp_clk	0	static
clock.c:42:6:setup_gpmi_io_clk	0	static
clock.c:95:6:enable_usboh3_clk	0	static
clock.c:109:6:enable_enet_clk	16	static
clock.c:132:6:enable_uart_clk	8	static
clock.c:149:5:enable_usdhc_clk	0	static
clock.c:168:5:enable_i2c_clk	16	static
clock.c:208:5:enable_spi_clk	0	static
clock.c:334:5:get_periph_clk	8	static
clock.c:446:12:get_axi_clk	8	static
clock.c:783:5:enable_lcdif_clock	16	static
clock.c:631:6:mxs_set_lcdclk	32	static
clock.c:867:5:enable_lvds_bridge	16	static
clock.c:929:6:enable_qspi_clk	0	static
clock.c:990:5:enable_fec_anatop_clock	16	static
clock.c:1119:5:imx_get_uartclk	0	static
clock.c:1319:6:enable_thermal_clk	0	static
clock.c:1338:14:mxc_get_clock	24	static
clock.c:1124:5:imx_get_fecclk	0	static
clock.c:1384:5:do_mx6_showclocks	16	static
clock.c:1441:6:enable_ipu_clock	8	static
