soc.c:67:5:get_nr_cpus	0	static
soc.c:73:5:get_cpu_rev	0	static
soc.c:139:5:get_cpu_speed_grade_hz	8	static
soc.c:198:5:get_cpu_temp_grade	0	static
soc.c:229:12:get_board_rev	8	static
soc.c:529:6:is_usb_boot	0	static
soc.c:681:12:mmc_get_boot_dev	8	static
soc.c:537:5:arch_cpu_init	8	static
soc.c:676:12:board_mmc_get_env_dev	0	static
soc.c:706:5:mmc_get_env_dev	8	static
soc.c:718:12:board_mmc_get_env_part	0	static
soc.c:723:6:mmc_get_env_part	8	static
soc.c:735:5:board_postclk_init	16	static
soc.c:747:6:get_board_serial	0	static
soc.c:788:18:get_boot_device	0	static
soc.c:831:6:set_wdog_reset	0	static
soc.c:853:6:reset_misc	0	static
soc.c:862:6:s_init	8	static
soc.c:966:6:gpr_init	16	static
