fs.c:28:19:fs_probe_unsupported	8	static
fs.c:35:19:fs_ls_unsupported	0	static
fs.c:69:19:fs_exists_unsupported	0	static
fs.c:74:19:fs_size_unsupported	0	static
fs.c:79:19:fs_read_unsupported	0	static
fs.c:86:19:fs_write_unsupported	0	static
fs.c:93:20:fs_close_unsupported	0	static
fs.c:97:19:fs_uuid_unsupported	0	static
fs.c:102:19:fs_opendir_unsupported	0	static
fs.c:108:19:fs_unlink_unsupported	0	static
fs.c:113:19:fs_mkdir_unsupported	0	static
fs.c:281:28:fs_get_info	0	static
fs.c:377:13:fs_close	8	static
fs.c:303:13:fs_get_type_name	8	static
fs.c:308:5:fs_set_blk_dev	40	static
fs.c:353:5:fs_set_blk_dev_with_part	24	static
fs.c:386:5:fs_uuid	8	static
fs.c:393:5:fs_ls	16	static
fs.c:407:5:fs_exists	8	static
fs.c:420:5:fs_size	16	static
fs.c:499:5:fs_read	40	static
fs.c:505:5:fs_write	48	static
fs.c:525:23:fs_opendir	24	static
fs.c:544:19:fs_readdir	16	static
fs.c:563:6:fs_closedir	8	static
fs.c:42:12:fs_ls_generic	32	static
fs.c:577:5:fs_unlink	16	static
fs.c:591:5:fs_mkdir	16	static
fs.c:605:5:do_size	24	static
fs.c:624:5:do_load	240	static
fs.c:694:5:do_ls	16	static
fs.c:711:5:file_exists	8	static
fs.c:720:5:do_save	72	static
fs.c:762:5:do_fs_uuid	56	static
fs.c:787:5:do_fs_type	16	static
fs.c:809:5:do_rm	8	static
fs.c:824:5:do_mkdir	16	static
