charset.c:29:12:get_code	24	static
charset.c:84:11:read_string	0	static
charset.c:103:11:read_console	8	static
charset.c:113:5:console_read_unicode	8	static
charset.c:125:5:utf8_get	0	static
charset.c:130:5:utf8_put	4	static
charset.c:159:8:utf8_utf16_strnlen	24	static
charset.c:196:5:utf16_get	0	static
charset.c:224:5:utf16_put	0	static
charset.c:180:5:utf8_utf16_strncpy	24	static
charset.c:242:8:utf16_strnlen	24	static
charset.c:260:8:utf16_utf8_strnlen	24	static
charset.c:284:5:utf16_utf8_strncpy	24	static
charset.c:300:5:utf_to_lower	0	static
charset.c:319:5:utf_to_upper	0	static
charset.c:338:8:u16_strlen	0	static
charset.c:345:8:u16_strnlen	0	static
charset.c:352:6:u16_strcpy	0	static
charset.c:365:6:u16_strdup	16	static
charset.c:382:10:utf16_to_utf8	12	static
