fdtdec.c:661:20:get_prop_check_min_len	24	static
fdtdec.c:72:13:fdtdec_get_compatible	0	static
fdtdec.c:294:10:fdtdec_get_uint64	24	static
fdtdec.c:307:5:fdtdec_get_is_enabled	8	static
fdtdec.c:1118:12:get_next_memory_node	24	static
fdtdec.c:324:20:fdtdec_lookup	24	static
fdtdec.c:336:5:fdtdec_next_compatible	0	static
fdtdec.c:341:5:fdtdec_next_compatible_subnode	24	static
fdtdec.c:356:5:fdtdec_next_alias	72	static
fdtdec.c:388:5:fdtdec_add_aliases_for_id	64	dynamic
fdtdec.c:378:5:fdtdec_find_aliases_for_id	24	static
fdtdec.c:503:5:fdtdec_get_alias_seq	56	static
fdtdec.c:545:5:fdtdec_get_alias_highest_id	32	static
fdtdec.c:578:13:fdtdec_get_chosen_prop	16	static
fdtdec.c:588:5:fdtdec_get_chosen_node	8	static
fdtdec.c:615:5:fdtdec_prepare_fdt	8	static
fdtdec.c:598:5:fdtdec_check_fdt	8	static
fdtdec.c:636:5:fdtdec_lookup_phandle	8	static
fdtdec.c:679:5:fdtdec_get_int_array	32	static
fdtdec.c:999:12:decode_timing_property	40	static
fdtdec.c:697:5:fdtdec_get_int_array_count	24	static
fdtdec.c:717:12:fdtdec_locate_array	24	static
fdtdec.c:728:5:fdtdec_get_bool	16	static
fdtdec.c:738:5:fdtdec_parse_phandle_with_args	48	static
fdtdec.c:862:5:fdtdec_get_child_count	16	static
fdtdec.c:873:5:fdtdec_get_byte_array	24	static
fdtdec.c:885:11:fdtdec_locate_byte_array	24	static
fdtdec.c:897:5:fdtdec_get_config_int	16	static
fdtdec.c:909:5:fdtdec_get_config_bool	16	static
fdtdec.c:923:7:fdtdec_get_config_string	24	static
fdtdec.c:941:5:fdtdec_get_number	12	static
fdtdec.c:79:12:fdtdec_get_addr_size_fixed	40	static
fdtdec.c:125:12:fdtdec_get_addr_size_auto_parent	40	static
fdtdec.c:152:12:fdtdec_get_addr_size_auto_noparent	40	static
fdtdec.c:171:12:fdtdec_get_addr_size	24	static
fdtdec.c:181:12:fdtdec_get_addr	0	static
fdtdec.c:951:5:fdt_get_resource	40	static
fdtdec.c:986:5:fdt_get_named_resource	24	static
fdtdec.c:1023:5:fdtdec_decode_display_timing	32	static
fdtdec.c:1091:5:fdtdec_setup_mem_size_base	24	static
fdtdec.c:1128:5:fdtdec_setup_memory_banksize	32	static
fdtdec.c:1229:14:board_fdt_blob_setup	0	static
fdtdec.c:1246:5:fdtdec_setup	8	static
fdtdec.c:1344:5:fdtdec_decode_ram_size	56	static
