membuff.c:14:6:membuff_purge	0	static
membuff.c:75:5:membuff_putraw	16	static
membuff.c:87:6:membuff_putbyte	16	static
membuff.c:98:5:membuff_getraw	4	static
membuff.c:149:5:membuff_getbyte	16	static
membuff.c:156:5:membuff_peekbyte	16	static
membuff.c:163:5:membuff_get	40	static
membuff.c:186:5:membuff_put	40	static
membuff.c:206:6:membuff_isempty	0	static
membuff.c:211:5:membuff_avail	40	static
membuff.c:228:5:membuff_size	0	static
membuff.c:233:6:membuff_makecontig	16	static
membuff.c:284:5:membuff_free	16	static
membuff.c:290:5:membuff_readline	24	static
membuff.c:325:5:membuff_extend_by	32	static
membuff.c:361:6:membuff_init	0	static
membuff.c:368:5:membuff_new	16	static
membuff.c:378:6:membuff_uninit	0	static
membuff.c:385:6:membuff_dispose	8	static
