string.c:31:5:strncasecmp	16	static
string.c:61:5:strcasecmp	0	static
string.c:74:8:strcpy	0	static
string.c:95:8:strncpy	0	static
string.c:137:8:strcat	0	static
string.c:160:8:strncat	8	static
string.c:185:5:strcmp	0	static
string.c:205:5:strncmp	0	static
string.c:225:8:strchr	0	static
string.c:234:13:strchrnul	0	static
string.c:264:8:strlen	0	static
string.c:118:8:strlcpy	24	static
string.c:248:8:strrchr	16	static
string.c:280:8:strnlen	0	static
string.c:297:8:strcspn	8	static
string.c:315:8:strdup	16	static
string.c:336:8:strspn	8	static
string.c:362:8:strpbrk	4	static
string.c:384:8:strtok	24	static
string.c:417:8:strsep	16	static
string.c:441:7:strswab	0	static
string.c:543:8:memmove	8	static
string.c:567:5:memcmp	0	static
string.c:589:8:memscan	0	static
string.c:609:8:strstr	32	static
string.c:637:7:memchr	0	static
string.c:669:7:memchr_inv	20	static
