cache_v7.c:184:6:invalidate_icache_all	0	static
cache_v7.c:208:13:v7_outer_cache_enable	0	static
cache_v7.c:209:13:v7_outer_cache_disable	0	static
cache_v7.c:210:13:v7_outer_cache_flush_all	0	static
cache_v7.c:106:6:flush_dcache_all	8	static
cache_v7.c:211:13:v7_outer_cache_inval_all	0	static
cache_v7.c:95:6:invalidate_dcache_all	8	static
cache_v7.c:140:6:arm_init_before_mmu	8	static
cache_v7.c:212:13:v7_outer_cache_flush_range	0	static
cache_v7.c:131:6:flush_dcache_range	16	static
cache_v7.c:147:6:mmu_page_table_flush	8	static
cache_v7.c:213:13:v7_outer_cache_inval_range	0	static
cache_v7.c:117:6:invalidate_dcache_range	16	static
