cache-cp15.c:228:13:cache_disable	16	static
cache-cp15.c:18:13:arm_init_before_mmu	0	static
cache-cp15.c:22:13:arm_init_domains	0	static
cache-cp15.c:26:6:set_section_dcache	0	static
cache-cp15.c:47:13:mmu_page_table_flush	0	static
cache-cp15.c:52:6:mmu_set_region_dcache_behaviour	24	static
cache-cp15.c:88:13:dram_bank_mmu_setup	16	static
cache-cp15.c:268:6:icache_enable	0	static
cache-cp15.c:273:6:icache_disable	0	static
cache-cp15.c:278:5:icache_status	0	static
cache-cp15.c:300:6:dcache_enable	8	static
cache-cp15.c:305:6:dcache_disable	0	static
cache-cp15.c:310:5:dcache_status	0	static
