mtdparts.c:495:13:part_delall	16	static
mtdparts.c:172:12:memsize_parse	8	static
mtdparts.c:1870:26:mtd_part_info	16	static
mtdparts.c:1536:20:env_get_mtdparts	8	static
mtdparts.c:208:13:memsize_format	20	static
mtdparts.c:229:13:index_partitions	16	static
mtdparts.c:272:13:current_save	32	static
mtdparts.c:516:12:part_sort_add	24	static
mtdparts.c:761:12:device_del	16	static
mtdparts.c:1209:12:generate_mtdparts_save.constprop	80	static
mtdparts.c:737:12:device_delall.constprop	24	static
mtdparts.c:971:12:mtd_devices_init	8	static
mtdparts.c:304:12:get_mtd_info.constprop	24	static
mtdparts.c:415:12:part_validate	80	static
mtdparts.c:793:20:device_find	4	static
mtdparts.c:840:12:device_parse	104	static
mtdparts.c:1042:5:mtd_id_parse	32	static
mtdparts.c:1347:5:find_dev_and_part	48	static
mtdparts.c:1720:5:mtdparts_init	1104	static
mtdparts.c:1917:12:do_chpart	32	static
mtdparts.c:1955:12:do_mtdparts	128	static
