nvedit.c:829:12:do_env_delete	24	static
nvedit.c:1161:12:do_env_exists	48	static
nvedit.c:217:12:_do_env_set	72	static
nvedit.c:385:12:do_env_set	0	static
nvedit.c:753:12:do_env_save	8	static
nvedit.c:1224:12:do_env	24	static
nvedit.c:84:12:env_print	56	static
nvedit.c:115:12:do_env_print	24	static
nvedit.c:1043:12:do_env_import	64	static
nvedit.c:791:12:do_env_default	8	static
nvedit.c:73:5:get_env_id	0	static
nvedit.c:295:5:env_set	24	static
nvedit.c:316:5:env_set_ulong	8	static
nvedit.c:331:5:env_set_hex	32	static
nvedit.c:910:12:do_env_export	96	static
nvedit.c:354:6:eth_parse_enetaddr	24	static
nvedit.c:775:5:envmatch	24	static
nvedit.c:691:5:env_get_f	32	static
nvedit.c:667:7:env_get	48	static
nvedit.c:339:7:env_get_hex	24	static
nvedit.c:366:5:eth_env_get_enetaddr	8	static
nvedit.c:372:5:eth_env_set_enetaddr	40	static
nvedit.c:740:7:env_get_ulong	16	static
nvedit.c:625:12:do_env_edit.part.3	544	static
nvedit.c:625:12:do_env_edit	0	static
