spi-uclass.c:20:12:spi_set_speed_mode	24	static
spi-uclass.c:152:12:spi_child_pre_probe	16	static
spi-uclass.c:123:12:spi_post_probe	16	static
spi-uclass.c:47:5:dm_spi_claim_bus	32	static
spi-uclass.c:75:6:dm_spi_release_bus	0	static
spi-uclass.c:84:5:dm_spi_xfer	8	static
spi-uclass.c:95:5:spi_claim_bus	0	static
spi-uclass.c:100:6:spi_release_bus	0	static
spi-uclass.c:105:5:spi_xfer	0	static
spi-uclass.c:173:5:spi_chip_select	8	static
spi-uclass.c:180:5:spi_find_chip_select	24	static
spi-uclass.c:214:5:spi_cs_info	24	static
spi-uclass.c:199:5:spi_cs_is_valid	16	static
spi-uclass.c:247:5:spi_find_bus_and_cs	24	static
spi-uclass.c:269:5:spi_get_bus_and_cs	40	static
spi-uclass.c:357:19:spi_setup_slave	32	static
spi-uclass.c:372:6:spi_free_slave	8	static
spi-uclass.c:378:5:spi_slave_ofdata_to_platdata	16	static
spi-uclass.c:112:12:spi_child_post_bind	8	static
