log.h:405:19:log_init	0	static
board_f.c:127:12:display_text_info	0	static
board_f.c:264:12:setup_mon_len	0	static
board_f.c:281:12:setup_spl_handoff	0	static
board_f.c:292:12:arch_cpu_init	0	static
board_f.c:297:12:mach_cpu_init	0	static
board_f.c:375:12:reserve_round_4k	0	static
board_f.c:382:12:reserve_mmu	0	static
board_f.c:409:12:reserve_video	0	static
board_f.c:440:12:reserve_trace	0	static
board_f.c:452:12:reserve_uboot	0	static
board_f.c:476:12:reserve_malloc	0	static
board_f.c:497:12:setup_machine	0	static
board_f.c:505:12:reserve_global_data	0	static
board_f.c:514:12:reserve_fdt	0	static
board_f.c:535:12:reserve_bootstage	0	static
board_f.c:567:12:reserve_bloblist	0	static
board_f.c:577:12:display_new_sp	0	static
board_f.c:665:12:reloc_bootstage	0	static
board_f.c:683:12:reloc_bloblist	0	static
board_f.c:797:12:initf_console_record	0	static
board_f.c:827:12:reserve_arch	0	static
board_f.c:832:12:arch_cpu_init_dm	0	static
board_f.c:233:12:dram_init_banksize	8	static
board_f.c:701:12:setup_reloc	8	static
board_f.c:651:12:reloc_fdt	8	static
board_f.c:485:12:reserve_board	8	static
board_f.c:199:12:announce_dram_init	8	static
board_f.c:121:12:init_baud_rate	8	static
board_f.c:806:12:initf_dm	0	static
board_f.c:772:12:initf_bootstage	8	static
board_f.c:71:13:coloured_LED_init	0	static
board_f.c:72:13:red_led_on	0	static
board_f.c:73:13:red_led_off	0	static
board_f.c:74:13:green_led_on	0	static
board_f.c:75:13:green_led_off	0	static
board_f.c:76:13:yellow_led_on	0	static
board_f.c:77:13:yellow_led_off	0	static
board_f.c:78:13:blue_led_on	0	static
board_f.c:79:13:blue_led_off	0	static
board_f.c:116:13:board_add_ram_info	0	static
board_f.c:205:12:show_dram_config	8	static
board_f.c:303:14:board_get_usable_ram_top	0	static
board_f.c:320:12:setup_dest_addr	16	static
board_f.c:549:12:arch_reserve_stacks	0	static
board_f.c:554:12:reserve_stacks	0	static
board_f.c:986:6:board_init_f	16	static
