log.h:405:19:log_init	0	static
bootstage.h:367:19:bootstage_relocate	0	static
board_r.c:87:12:initr_trace	0	static
board_r.c:96:12:initr_reloc	0	static
board_r.c:223:12:initr_barrier	0	static
board_r.c:247:12:initr_console_record	0	static
board_r.c:312:12:power_init_board	0	static
board_r.c:317:12:initr_announce	0	static
board_r.c:658:12:run_main_loop	8	static
board_r.c:642:12:initr_check_fastboot	8	static
board_r.c:557:12:initr_net	8	static
board_r.c:636:12:initr_fastboot_setup	8	static
board_r.c:491:12:initr_ethaddr	8	static
board_r.c:483:12:initr_enable_interrupts	8	static
board_r.c:466:12:initr_jumptable	8	static
board_r.c:436:12:initr_env	8	static
board_r.c:406:12:initr_mmc	8	static
board_r.c:386:12:initr_nand	8	static
board_r.c:166:12:initr_serial	8	static
board_r.c:280:12:initr_dm	0	static
board_r.c:305:12:initr_bootstage	8	static
board_r.c:232:12:initr_malloc	8	static
board_r.c:122:12:initr_reloc_global_data	8	static
board_r.c:109:12:initr_caches	8	static
board_r.c:59:12:board_flash_wp_on	0	static
board_r.c:69:13:cpu_secondary_init_r	0	static
board_r.c:73:12:initr_secondary_cpu	8	static
board_r.c:117:12:fixup_cpu	0	static
board_r.c:876:6:board_init_r	8	static
