command.c:85:12:find_cmd_tbl	32	static
command.c:119:12:find_cmd	0	static
command.c:126:5:cmd_usage	8	static
command.c:21:5:_do_help	56	dynamic
command.c:147:5:var_complete	16	static
command.c:179:5:complete_subcmdv	32	static
command.c:349:5:cmd_auto_complete	288	static
command.c:453:5:cmd_get_data_size	16	static
command.c:524:5:cmd_always_repeatable	4	static
command.c:532:5:cmd_never_repeatable	4	static
command.c:540:5:cmd_discard_repeatable	24	static
command.c:571:20:cmd_process	48	static
command.c:628:5:cmd_process_error	8	static
