console.c:195:12:console_tstc	32	static
console.c:218:13:console_putc	24	static
console.c:242:13:console_puts	24	static
console.c:24:12:on_console	24	static
console.c:293:5:serial_printf	544	static
console.c:185:12:console_getc.isra.0	8	static
console.c:413:5:tstc	0	static
console.c:491:6:putc	0	static
console.c:536:6:puts	0	static
console.c:385:5:getc	8	static
console.c:311:5:fgetc	16	static
console.c:344:5:ftstc	0	static
console.c:352:6:fputc	0	static
console.c:358:6:fputs	0	static
console.c:364:5:fprintf	548	static
console.c:613:5:ctrlc	8	static
console.c:632:5:confirm_yesno	16	static
console.c:659:5:disable_ctrlc	0	static
console.c:667:5:had_ctrlc	0	static
console.c:672:6:clear_ctrlc	0	static
console.c:679:19:search_device	8	static
console.c:695:5:console_assign	16	static
console.c:733:5:console_announce_r	224	static
console.c:747:5:console_init_f	0	static
console.c:758:6:stdio_print_current_devices	8	static
console.c:785:5:console_init_r	32	static
