fdt_support.c:1019:12:of_bus_default_map	40	static
fdt_support.c:1544:12:fdt_read_prop	8	static
fdt_support.c:1002:6:fdt_support_default_count_cells	24	static
fdt_support.c:1035:12:of_bus_default_translate	40	static
fdt_support.c:32:5:fdt_getprop_u32_default_node	16	static
fdt_support.c:62:5:fdt_getprop_u32_default	24	static
fdt_support.c:86:5:fdt_find_and_setprop	32	static
fdt_support.c:110:5:fdt_find_or_add_subnode	24	static
fdt_support.c:188:5:fdt_root	24	static
fdt_support.c:214:5:fdt_initrd	72	static
fdt_support.c:274:5:fdt_chosen	24	static
fdt_support.c:305:6:do_fixup_by_path	24	static
fdt_support.c:321:6:do_fixup_by_path_u32	24	static
fdt_support.c:328:6:do_fixup_by_prop	40	static
fdt_support.c:349:6:do_fixup_by_prop_u32	32	static
fdt_support.c:357:6:do_fixup_by_compat	40	static
fdt_support.c:376:6:do_fixup_by_compat_u32	24	static
fdt_support.c:417:5:fdt_fixup_memory_banks	120	static
fdt_support.c:477:5:fdt_fixup_memory	16	static
fdt_support.c:482:6:fdt_fixup_ethernet	72	static
fdt_support.c:560:5:fdt_record_loadable	48	static
fdt_support.c:600:5:fdt_shrink_to_minimum	56	static
fdt_support.c:713:5:fdt_increase_size	0	static
fdt_support.c:928:6:fdt_del_node_and_alias	16	static
fdt_support.c:1278:5:fdt_translate_address	120	static
fdt_support.c:1293:5:fdt_node_offset_by_compat_reg	32	static
fdt_support.c:1314:5:fdt_alloc_phandle	16	static
fdt_support.c:1334:5:fdt_set_phandle	40	static
fdt_support.c:1373:14:fdt_create_phandle	16	static
fdt_support.c:1403:5:fdt_set_node_status	40	static
fdt_support.c:1444:5:fdt_set_status_by_alias	16	static
fdt_support.c:1453:5:fdt_add_edid	32	static
fdt_support.c:1490:5:fdt_verify_alias_address	48	static
fdt_support.c:1531:5:fdt_get_base_address	24	static
fdt_support.c:1580:5:fdt_read_range	56	static
fdt_support.c:1648:5:fdt_setup_simplefb_node	104	static
fdt_support.c:1701:5:fdt_fixup_display	40	static
fdt_support.c:1736:5:fdt_overlay_apply_verbose	16	static
