image.c:450:12:on_loadaddr	8	static
image.c:200:5:image_check_hcrc	72	static
image.c:215:5:image_check_dcrc	8	static
image.c:237:7:image_multi_count	0	static
image.c:270:6:image_multi_getimg	24	static
image.c:466:7:env_get_bootm_low	8	static
image.c:483:13:env_get_bootm_size	16	static
image.c:510:13:env_get_bootm_mapsize	8	static
image.c:526:6:memmove_wd	0	static
image.c:556:6:genimg_print_size	8	static
image.c:584:22:get_table_entry	0	static
image.c:705:20:genimg_get_short_name	8	static
image.c:615:13:genimg_get_cat_name	16	static
image.c:639:13:genimg_get_cat_short_name	16	static
image.c:653:5:genimg_get_cat_count	0	static
image.c:658:13:genimg_get_cat_desc	0	static
image.c:677:7:get_table_entry_name	8	static
image.c:689:13:genimg_get_os_name	0	static
image.c:694:13:genimg_get_arch_name	0	static
image.c:700:13:genimg_get_type_name	0	static
image.c:717:13:genimg_get_type_short_name	0	static
image.c:722:13:genimg_get_comp_name	0	static
image.c:330:6:image_print_contents	40	static
image.c:728:13:genimg_get_comp_short_name	0	static
image.c:733:13:genimg_get_os_short_name	0	static
image.c:738:13:genimg_get_arch_short_name	0	static
image.c:757:5:get_table_entry_id	16	static
image.c:775:5:genimg_get_os_id	0	static
image.c:780:5:genimg_get_arch_id	0	static
image.c:785:5:genimg_get_type_id	0	static
image.c:790:5:genimg_get_comp_id	0	static
image.c:811:7:genimg_get_kernel_addr_fit	0	static
image.c:845:7:genimg_get_kernel_addr	16	static
image.c:868:5:genimg_get_format	8	static
image.c:900:5:genimg_has_config	0	static
image.c:931:5:boot_get_ramdisk	40	static
image.c:1140:5:boot_ramdisk_high	32	static
image.c:1215:5:boot_get_setup	0	static
image.c:1487:5:image_setup_linux	32	static
