miiphyutil.c:38:17:miiphy_get_dev_by_name	16	static
miiphyutil.c:61:6:miiphy_init	0	static
miiphyutil.c:67:17:mdio_alloc	8	static
miiphyutil.c:83:6:mdio_free	0	static
miiphyutil.c:88:5:mdio_register	16	static
miiphyutil.c:109:5:mdio_register_seq	8	static
miiphyutil.c:121:5:mdio_unregister	0	static
miiphyutil.c:135:6:mdio_list_devices	24	static
miiphyutil.c:160:5:miiphy_set_current_dev	8	static
miiphyutil.c:215:24:miiphy_get_active_dev	16	static
miiphyutil.c:175:17:mdio_get_current_dev	0	static
miiphyutil.c:180:19:mdio_get_list_head	0	static
miiphyutil.c:185:20:mdio_phydev_for_ethname	24	static
miiphyutil.c:207:13:miiphy_get_current_dev	0	static
miiphyutil.c:239:5:miiphy_read	16	static
miiphyutil.c:267:5:miiphy_write	24	static
miiphyutil.c:283:6:miiphy_listdev	16	static
miiphyutil.c:312:5:miiphy_info	32	static
miiphyutil.c:397:5:miiphy_speed	24	static
miiphyutil.c:455:5:miiphy_duplex	24	static
miiphyutil.c:520:5:miiphy_is_1000base_x	0	static
