stdio.c:41:13:nulldev_putc	0	static
stdio.c:46:13:nulldev_puts	0	static
stdio.c:51:12:nulldev_input	0	static
stdio.c:73:12:stdio_serial_tstc	0	static
stdio.c:68:12:stdio_serial_getc	0	static
stdio.c:63:13:stdio_serial_puts	0	static
stdio.c:58:13:stdio_serial_putc	0	static
stdio.c:115:19:stdio_get_list	0	static
stdio.c:173:19:stdio_get_by_name	24	static
stdio.c:206:19:stdio_clone	16	static
stdio.c:223:5:stdio_register_dev	8	static
stdio.c:237:5:stdio_register	0	static
stdio.c:294:5:stdio_init_tables	0	static
stdio.c:314:5:stdio_add_devices	88	static
stdio.c:398:5:stdio_init	8	static
