usb.c:314:1:usb_set_maxpacket_ep	4	static
usb.c:197:5:usb_submit_int_msg	0	static
usb.c:212:5:usb_control_msg	152	static
usb.c:554:12:usb_get_descriptor	32	static
usb.c:919:12:get_descriptor_len	608	static
usb.c:944:12:usb_setup_descriptor	8	static
usb.c:720:12:usb_get_string	56	static
usb.c:756:12:usb_string_sub	32	static
usb.c:264:5:usb_bulk_msg	16	static
usb.c:293:5:usb_maxpacket	0	static
usb.c:525:5:usb_clear_halt	48	static
usb.c:566:5:usb_get_configuration_len	152	static
usb.c:589:5:usb_get_configuration_no	16	static
usb.c:619:5:usb_set_interface	40	static
usb.c:677:5:usb_set_protocol	32	static
usb.c:687:5:usb_set_idle	32	static
usb.c:697:5:usb_get_report	32	static
usb.c:709:5:usb_get_class_descriptor	32	static
usb.c:796:5:usb_string	600	static
usb.c:1068:5:usb_select_config	64	static
usb.c:1151:5:usb_setup_device	48	static
usb.c:1205:5:board_usb_init	0	static
usb.c:1211:5:board_usb_cleanup	0	static
usb.c:1216:6:usb_device_has_child_on_port	0	static
usb.c:1226:6:usb_find_usb2_hub_address_port	24	static
