spi-nor-core.c:153:12:read_sr	16	static
spi-nor-core.c:221:12:write_enable	0	static
spi-nor-core.c:229:12:write_disable	0	static
spi-nor-core.c:460:12:clean_bar	24	static
spi-nor-core.c:473:12:write_bar	24	static
spi-nor-core.c:907:12:spi_nor_read	40	static
spi-nor-core.c:111:16:spi_nor_write_data	72	static
spi-nor-core.c:73:16:spi_nor_read_data	64	static
spi-nor-core.c:642:12:stm_check_lock_status_sr.part.3	32	static
spi-nor-core.c:422:12:spi_nor_wait_till_ready_with_timeout.constprop	32	static
spi-nor-core.c:47:12:spi_nor_read_reg	72	static
spi-nor-core.c:63:12:spi_nor_write_reg	72	static
spi-nor-core.c:549:12:spi_nor_erase	48	static
spi-nor-core.c:870:12:stm_is_locked	40	static
spi-nor-core.c:1058:12:spi_nor_write	64	static
spi-nor-core.c:596:12:write_sr_and_check.constprop	16	static
spi-nor-core.c:705:12:stm_lock	64	static
spi-nor-core.c:785:12:stm_unlock	64	static
spi-nor-core.c:2251:5:spi_nor_scan	432	static
spi-nor-core.c:2406:5:spi_flash_cmd_get_sw_write_prot	8	static
