fb_fsl_command.c:185:13:okay	0	static
fb_fsl_command.c:217:13:upload	16	static
fb_fsl_command.c:207:13:reboot_bootloader	8	static
fb_fsl_command.c:242:13:download	24	static
fb_fsl_command.c:196:13:getvar	0	static
fb_fsl_command.c:769:13:run_ucmd	8	static
fb_fsl_command.c:798:13:run_acmd	8	static
fb_fsl_command.c:736:13:erase	8	static
fb_fsl_command.c:690:13:flash	8	static
fb_fsl_command.c:149:6:fastboot_run_bootmode	0	static
fb_fsl_command.c:276:5:fastboot_data_remaining	0	static
fb_fsl_command.c:298:6:fastboot_data_download	16	static
fb_fsl_command.c:335:6:fastboot_data_complete	8	static
fb_fsl_command.c:787:6:fastboot_acmd_complete	0	static
fb_fsl_command.c:898:5:fastboot_handle_command	32	static
