fb_fsl_partitions.c:54:14:bootloader_mmc_offset	8	static
fb_fsl_partitions.c:72:6:bootloader_gpt_overlay	8	static
fb_fsl_partitions.c:265:6:fastboot_flash_add_ptn	8	static
fb_fsl_partitions.c:129:12:_fastboot_parts_load_from_ptable	3216	static
fb_fsl_partitions.c:257:6:fastboot_load_partitions	0	static
fb_fsl_partitions.c:273:6:fastboot_flash_dump_ptn	24	static
fb_fsl_partitions.c:284:26:fastboot_flash_find_ptn	32	static
fb_fsl_partitions.c:299:5:fastboot_flash_find_index	8	static
fb_fsl_partitions.c:310:26:fastboot_flash_get_ptn	0	static
fb_fsl_partitions.c:318:14:fastboot_flash_get_ptn_count	0	static
fb_fsl_partitions.c:323:6:fastboot_parts_is_raw	8	static
fb_fsl_partitions.c:367:5:fastboot_parts_get_name	56	static
fb_fsl_partitions.c:395:6:fastboot_parts_is_slot	40	static
