debug.c:100:13:dbg_snprintf_key	24	static
debug.c:139:13:dbg_ntype	0	static
debug.c:185:13:dbg_cstate	0	static
debug.c:205:13:dbg_jhead	0	static
debug.c:232:6:ubifs_dump_inode	0	static
debug.c:302:6:ubifs_dump_node	104	static
debug.c:549:6:ubifs_dump_budget_req	8	static
debug.c:566:6:ubifs_dump_lstats	24	static
debug.c:647:6:ubifs_dump_budg	0	static
debug.c:652:6:ubifs_dump_lprop	56	static
debug.c:743:6:ubifs_dump_lprops	112	static
debug.c:765:6:ubifs_dump_lpt_info	24	static
debug.c:803:6:ubifs_dump_sleb	24	static
debug.c:819:6:ubifs_dump_leb	40	static
debug.c:857:6:ubifs_dump_znode	112	static
debug.c:951:12:dump_znode	8	static
debug.c:896:6:ubifs_dump_heap	32	static
debug.c:912:6:ubifs_dump_pnode	24	static
debug.c:930:6:ubifs_dump_tnc	24	static
debug.c:1470:5:dbg_check_dir	0	static
debug.c:1475:6:dbg_debugfs_exit_fs	0	static
debug.c:1480:5:ubifs_debugging_init	0	static
debug.c:1484:6:ubifs_debugging_exit	0	static
debug.c:1487:5:dbg_check_filesystem	0	static
debug.c:1491:5:dbg_debugfs_init_fs	0	static
debug.c:1585:5:dbg_check_tnc	0	static
debug.c:1606:5:dbg_walk_index	56	static
debug.c:965:6:ubifs_dump_index	0	static
debug.c:1758:5:dbg_check_idx_size	0	static
