lprops.c:29:12:get_heap_comp_val	0	static
lprops.c:53:13:move_up_lpt_heap.isra.6	32	static
lprops.c:90:13:adjust_lpt_heap.isra.7	48	static
lprops.c:309:13:ubifs_remove_from_cat	24	static
lprops.c:266:6:ubifs_add_to_cat	40	static
lprops.c:346:6:ubifs_replace_cat	0	static
lprops.c:401:5:ubifs_categorize_lprops	8	static
lprops.c:378:6:ubifs_ensure_cat	24	static
lprops.c:472:5:ubifs_calc_dark	16	static
lprops.c:525:28:ubifs_change_lp	40	static
lprops.c:632:6:ubifs_get_lp_stats	0	static
lprops.c:654:5:ubifs_change_one_lp	40	static
lprops.c:693:5:ubifs_update_one_lp	40	static
lprops.c:730:5:ubifs_read_one_lp	32	static
lprops.c:759:28:ubifs_fast_find_free	8	static
lprops.c:783:28:ubifs_fast_find_empty	16	static
lprops.c:806:28:ubifs_fast_find_freeable	16	static
lprops.c:830:28:ubifs_fast_find_frdi_idx	16	static
lprops.c:856:5:dbg_check_cats	0	static
lprops.c:955:6:dbg_check_heap	0	static
lprops.c:1257:5:dbg_check_lprops	0	static
