lpt.c:53:13:do_calc_lpt_geom	48	static
lpt.c:553:12:calc_nnode_num_from_parent	0	static
lpt.c:1091:12:validate_nnode	16	static
lpt.c:228:13:pack_bits	32	static
lpt.c:474:13:set_ltab	24	static
lpt.c:864:13:update_cats	16	static
lpt.c:578:12:calc_pnode_num_from_parent.isra.2	4	static
lpt.c:1135:12:validate_pnode	32	static
lpt.c:132:5:ubifs_calc_lpt_geom	32	static
lpt.c:278:10:ubifs_unpack_bits	40	static
lpt.c:909:12:check_lpt_crc	48	static
lpt.c:936:12:check_lpt_type.constprop	32	static
lpt.c:959:12:unpack_pnode	40	static
lpt.c:1857:28:scan_get_pnode	40	static
lpt.c:345:6:ubifs_pack_pnode	40	static
lpt.c:378:6:ubifs_pack_nnode	40	static
lpt.c:410:6:ubifs_pack_ltab	40	static
lpt.c:435:6:ubifs_pack_lsave	40	static
lpt.c:457:6:ubifs_add_lpt_dirt	16	static
lpt.c:489:6:ubifs_add_nnode_dirt	8	static
lpt.c:1484:28:dirty_cow_nnode	16	static
lpt.c:603:5:ubifs_create_dflt_lpt	96	static
lpt.c:996:5:ubifs_unpack_nnode	32	static
lpt.c:1798:28:scan_get_nnode	40	static
lpt.c:1190:5:ubifs_read_nnode	56	static
lpt.c:1393:21:ubifs_get_nnode	8	static
lpt.c:1419:21:ubifs_get_pnode	56	static
lpt.c:1445:22:ubifs_lpt_lookup	24	static
lpt.c:1578:22:ubifs_lpt_lookup_dirty	32	static
lpt.c:1733:5:ubifs_lpt_init	48	static
lpt.c:1926:5:ubifs_lpt_scan_nolock	48	static
lpt.c:2228:5:dbg_check_lpt_nodes	0	static
