super.c:565:13:ubifs_dirty_inode	0	static
super.c:2338:12:sb_test	0	static
super.c:2346:12:sb_set	0	static
super.c:1013:13:free_wbufs	16	static
super.c:2520:13:kill_ubifs_super	0	static
super.c:1031:13:free_orphans	32	static
super.c:439:22:ubifs_alloc_inode	8	static
super.c:819:12:bud_wbuf_callback	16	static
super.c:53:5:set_anon_super	0	static
super.c:58:15:iget_locked	16	static
super.c:74:6:iget_failed	0	static
super.c:78:5:ubifs_iput	8	static
super.c:89:6:iput	16	static
super.c:128:6:clear_nlink	0	static
super.c:145:6:set_nlink	0	static
super.c:170:6:unlock_new_inode	0	static
super.c:238:15:ubifs_iget	56	static
super.c:1725:6:ubifs_umount	16	static
super.c:2381:21:sget	24	static
super.c:2447:23:ubifs_mount	64	static
super.c:2549:5:ubifs_init	8	static
super.c:2684:5:uboot_ubifs_mount	8	static
