tnc.c:1904:13:insert_zbranch	32	static
tnc.c:71:12:insert_old_idx	32	static
tnc.c:566:28:get_znode	4	static
tnc.c:633:12:tnc_prev	16	static
tnc.c:588:12:tnc_next	16	static
tnc.c:2880:28:left_znode	16	static
tnc.c:2970:28:lookup_znode	48	static
tnc.c:343:12:lnc_add_directly	24	static
tnc.c:481:12:fallible_read_node	64	static
tnc.c:516:12:matches_name	24	static
tnc.c:685:12:resolve_collision	32	static
tnc.c:803:12:fallible_matches_name	24	static
tnc.c:873:12:fallible_resolve_collision	48	static
tnc.c:367:13:lnc_free.isra.14	8	static
tnc.c:2565:12:key_in_range.isra.16	0	static
tnc.c:1872:13:correct_parent_keys.isra.17	8	static
tnc.c:386:12:tnc_read_node_nm	24	static
tnc.c:1956:12:tnc_insert.constprop	56	static
tnc.c:245:28:dirty_cow_znode	32	static
tnc.c:1074:28:dirty_cow_bottom_up	32	static
tnc.c:1289:12:lookup_level0_dirty	40	static
tnc.c:112:5:insert_old_idx_znode	0	static
tnc.c:2372:12:tnc_delete	40	static
tnc.c:173:6:destroy_old_idx	16	static
tnc.c:1153:5:ubifs_lookup_level0	40	static
tnc.c:1428:5:ubifs_tnc_locate	64	static
tnc.c:1502:5:ubifs_tnc_get_bu_keys	48	static
tnc.c:1733:5:ubifs_tnc_bulk_read	56	static
tnc.c:1838:5:ubifs_tnc_lookup_nm	40	static
tnc.c:2148:5:ubifs_tnc_add	72	static
tnc.c:2197:5:ubifs_tnc_replace	64	static
tnc.c:2485:5:ubifs_tnc_remove	16	static
tnc.c:2515:5:ubifs_tnc_remove_nm	32	static
tnc.c:2280:5:ubifs_tnc_add_nm	88	static
tnc.c:2585:5:ubifs_tnc_remove_range	56	static
tnc.c:2747:25:ubifs_tnc_next_ent	48	static
tnc.c:2667:5:ubifs_tnc_remove_ino	64	static
tnc.c:2856:6:ubifs_tnc_close	16	static
tnc.c:3099:5:is_idx_node_in_tnc	16	static
tnc.c:3196:5:ubifs_tnc_has_node	48	static
tnc.c:3236:5:ubifs_dirty_idx_node	16	static
tnc.c:3272:5:dbg_check_inode_size	0	static
