ubifs.c:30:12:gzip_decompress	16	static
ubifs.c:210:19:compr_init	32	static
ubifs.c:478:22:ubifs_findfile	520	static
ubifs.c:80:7:kmemdup	16	static
ubifs.c:166:5:ubifs_decompress	56	static
ubifs.c:685:12:read_block	64	static
ubifs.c:239:12:ubifs_compressors_init	8	static
ubifs.c:565:5:ubifs_set_blk_dev	8	static
ubifs.c:584:5:ubifs_ls	144	static
ubifs.c:632:5:ubifs_exists	16	static
ubifs.c:644:5:ubifs_size	24	static
ubifs.c:843:5:ubifs_read	96	static
ubifs.c:931:6:ubifs_close	0	static
ubifs.c:936:5:ubifs_load	40	static
ubifs.c:952:6:uboot_ubifs_umount	8	static
