usb-uclass.c:424:12:usb_match_device	4	static
usb-uclass.c:731:12:usb_child_post_bind	16	static
usb-uclass.c:461:12:usb_match_one_id_intf.isra.2	0	static
usb-uclass.c:224:13:remove_inactive_children.isra.4	24	static
usb-uclass.c:25:5:usb_disable_asynch	0	static
usb-uclass.c:33:5:submit_int_msg	16	static
usb-uclass.c:45:5:submit_control_msg	24	static
usb-uclass.c:68:5:submit_bulk_msg	16	static
usb-uclass.c:80:19:create_int_queue	24	static
usb-uclass.c:94:7:poll_int_queue	0	static
usb-uclass.c:105:5:destroy_int_queue	0	static
usb-uclass.c:116:5:usb_alloc_device	0	static
usb-uclass.c:128:5:usb_reset_root_port	0	static
usb-uclass.c:139:5:usb_update_hub_device	0	static
usb-uclass.c:150:5:usb_get_max_xfer_size	0	static
usb-uclass.c:161:5:usb_stop	24	static
usb-uclass.c:381:5:usb_setup_ehci_gadget	24	static
usb-uclass.c:405:5:usb_remove_ehci_gadget	16	static
usb-uclass.c:691:5:usb_detect_change	32	static
usb-uclass.c:754:17:usb_get_bus	8	static
usb-uclass.c:602:5:usb_scan_device	2528	static
usb-uclass.c:203:13:usb_scan_bus.isra.5	24	static
usb-uclass.c:238:5:usb_init	32	static
usb-uclass.c:769:5:usb_child_pre_probe	16	static
