mtdcore.c:1036:12:mtd_check_oob_ops	48	static
mtdcore.c:1144:5:mtd_ooblayout_ecc	16	static
mtdcore.c:1176:5:mtd_ooblayout_free	16	static
mtdcore.c:1208:12:mtd_ooblayout_find_region	32	static
mtdcore.c:1277:12:mtd_ooblayout_get_bytes	56	static
mtdcore.c:1320:12:mtd_ooblayout_set_bytes	56	static
mtdcore.c:95:6:idr_remove	0	static
mtdcore.c:104:7:idr_find	0	static
mtdcore.c:112:7:idr_get_next	0	static
mtdcore.c:130:5:idr_alloc	0	static
mtdcore.c:156:18:__mtd_next_device	16	static
mtdcore.c:162:6:mtd_dev_list_updated	0	static
mtdcore.c:524:5:del_mtd_device	16	static
mtdcore.c:751:5:__get_mtd_device	8	static
mtdcore.c:716:18:get_mtd_device	8	static
mtdcore.c:779:18:get_mtd_device_nm	16	static
mtdcore.c:862:6:__put_mtd_device	8	static
mtdcore.c:853:6:put_mtd_device	0	static
mtdcore.c:881:5:mtd_erase	32	static
mtdcore.c:937:15:mtd_get_unmapped_area	28	static
mtdcore.c:948:5:mtd_read	96	static
mtdcore.c:985:5:mtd_write	80	static
mtdcore.c:1020:5:mtd_panic_write	28	static
mtdcore.c:1069:5:mtd_read_oob	40	static
mtdcore.c:1102:5:mtd_write_oob	40	static
mtdcore.c:1254:5:mtd_ooblayout_find_eccregion	16	static
mtdcore.c:1392:5:mtd_ooblayout_get_eccbytes	16	static
mtdcore.c:1412:5:mtd_ooblayout_set_eccbytes	16	static
mtdcore.c:1432:5:mtd_ooblayout_get_databytes	16	static
mtdcore.c:1452:5:mtd_ooblayout_set_databytes	16	static
mtdcore.c:1468:5:mtd_ooblayout_count_freebytes	24	static
mtdcore.c:1482:5:mtd_ooblayout_count_eccbytes	24	static
mtdcore.c:1493:5:mtd_get_fact_prot_info	4	static
mtdcore.c:1504:5:mtd_read_fact_prot_reg	8	static
mtdcore.c:1516:5:mtd_get_user_prot_info	4	static
mtdcore.c:1527:5:mtd_read_user_prot_reg	8	static
mtdcore.c:1539:5:mtd_write_user_prot_reg	24	static
mtdcore.c:1561:5:mtd_lock_user_prot_reg	0	static
mtdcore.c:1572:5:mtd_lock	28	static
mtdcore.c:1584:5:mtd_unlock	28	static
mtdcore.c:410:5:add_mtd_device	24	static
mtdcore.c:1596:5:mtd_is_locked	28	static
mtdcore.c:1608:5:mtd_block_isreserved	20	static
mtdcore.c:1618:5:mtd_block_isbad	20	static
mtdcore.c:1628:5:mtd_block_markbad	20	static
