mxs_nand.c:409:12:mxs_nand_device_ready	0	static
mxs_nand.c:424:13:mxs_nand_select_chip	0	static
mxs_nand.c:439:13:mxs_nand_swap_block_mark	16	static
mxs_nand.c:890:12:mxs_nand_hook_read_oob	24	static
mxs_nand.c:915:12:mxs_nand_hook_write_oob	24	static
mxs_nand.c:940:12:mxs_nand_hook_block_markbad	8	static
mxs_nand.c:1079:12:mxs_nand_block_bad	0	static
mxs_nand.c:81:29:mxs_nand_get_dma_desc	8	static
mxs_nand.c:1034:12:mxs_nand_ecc_write_oob	24	static
mxs_nand.c:96:13:mxs_nand_return_dma_descs	16	static
mxs_nand.c:62:13:mxs_nand_inval_data_buf	0	static
mxs_nand.c:471:13:mxs_nand_read_buf	24	static
mxs_nand.c:608:16:mxs_nand_read_byte	16	static
mxs_nand.c:1222:12:mxs_nand_init_dma	24	static
mxs_nand.c:657:12:mxs_nand_ecc_read_page	72	static
mxs_nand.c:999:12:mxs_nand_ecc_read_oob	24	static
mxs_nand.c:330:13:mxs_nand_cmd_ctrl	16	static
mxs_nand.c:554:13:mxs_nand_write_buf	16	static
mxs_nand.c:822:12:mxs_nand_ecc_write_page	24	static
mxs_nand.c:1120:5:mxs_nand_setup_ecc	32	static
mxs_nand.c:1187:5:mxs_nand_alloc_buffers	16	static
mxs_nand.c:1286:5:mxs_nand_init_spl	16	static
mxs_nand.c:1332:5:mxs_nand_init_ctrl	16	static
