nand_base.c:133:13:nand_release_device	0	static
nand_base.c:147:9:nand_read_byte	0	static
nand_base.c:160:16:nand_read_byte16	0	static
nand_base.c:172:12:nand_read_word	0	static
nand_base.c:208:13:nand_write_byte	16	static
nand_base.c:222:13:nand_write_byte16	16	static
nand_base.c:287:6:nand_write_buf	0	static
nand_base.c:302:6:nand_read_buf	0	static
nand_base.c:317:6:nand_write_buf16	0	static
nand_base.c:333:6:nand_read_buf16	0	static
nand_base.c:957:12:nand_setup_data_interface	24	static
nand_base.c:1239:12:nand_read_page_raw_syndrome	32	static
nand_base.c:1281:12:nand_read_page_swecc	56	static
nand_base.c:1874:12:nand_read_oob_std	16	static
nand_base.c:1889:12:nand_read_oob_syndrome	48	static
nand_base.c:1925:12:nand_write_oob_std	24	static
nand_base.c:1949:12:nand_write_oob_syndrome	64	static
nand_base.c:2174:12:nand_write_page_raw_syndrome	32	static
nand_base.c:2216:12:nand_write_page_swecc	48	static
nand_base.c:2245:12:nand_write_page_hwecc	40	static
nand_base.c:2344:12:nand_write_page_syndrome	32	static
nand_base.c:2785:12:single_erase	8	static
nand_base.c:2922:13:nand_sync	0	static
nand_base.c:3031:13:nand_set_defaults	0	static
nand_base.c:3184:12:nand_setup_read_retry_micron	16	static
nand_base.c:2281:12:nand_write_subpage_hwecc	56	static
nand_base.c:1102:12:nand_check_erased_buf	12	static
nand_base.c:348:12:nand_block_bad	24	static
nand_base.c:2394:12:nand_write_page	48	static
nand_base.c:868:12:nand_wait	16	static
nand_base.c:3083:13:sanitize_string	0	static
nand_base.c:506:12:nand_block_isreserved	0	static
nand_base.c:486:12:nand_check_wp	8	static
nand_base.c:1220:12:nand_read_page_raw	16	static
nand_base.c:2154:12:nand_write_page_raw	16	static
nand_base.c:2982:12:nand_onfi_set_features	24	static
nand_base.c:3012:12:nand_onfi_get_features	24	static
nand_base.c:525:12:nand_block_checkbad	24	static
nand_base.c:2937:12:nand_block_isbad	32	static
nand_base.c:2440:17:nand_fill_oob	24	static
nand_base.c:2499:12:nand_do_write_ops	88	static
nand_base.c:185:13:nand_select_chip	8	static
nand_base.c:1617:17:nand_transfer_oob	24	static
nand_base.c:3100:12:onfi_crc16.constprop	4	static
nand_base.c:2628:12:panic_nand_write	64	static
nand_base.c:574:13:nand_wait_status_ready.constprop	16	static
nand_base.c:548:6:nand_wait_ready	16	static
nand_base.c:702:13:nand_command_lp	24	static
nand_base.c:598:13:nand_command	24	static
nand_base.c:2107:12:nand_read_oob	112	static
nand_base.c:1057:5:nand_reset	16	static
nand_base.c:2660:12:nand_do_write_oob	64	static
nand_base.c:395:12:nand_default_block_markbad	80	static
nand_base.c:2742:12:nand_write_oob	40	static
nand_base.c:1172:5:nand_check_erased_ecc_chunk	32	static
nand_base.c:1551:12:nand_read_page_syndrome	64	static
nand_base.c:1327:12:nand_read_subpage	64	static
nand_base.c:1431:12:nand_read_page_hwecc	64	static
nand_base.c:1493:12:nand_read_page_hwecc_oob_first	64	static
nand_base.c:2815:5:nand_erase_nand	56	static
nand_base.c:2960:12:nand_block_markbad	96	static
nand_base.c:2802:12:nand_erase	0	static
nand_base.c:3706:5:check_mmc_num	0	static
nand_base.c:3716:24:nand_get_flash_type	48	static
nand_base.c:3974:5:nand_scan_ident	48	static
nand_base.c:4061:5:nand_check_ecc_caps	32	static
nand_base.c:4123:5:nand_match_ecc_req	72	static
nand_base.c:4207:5:nand_maximize_ecc	56	static
nand_base.c:4333:5:nand_scan_tail	24	static
nand_base.c:4630:5:nand_scan	8	static
