regulator-uclass.c:252:13:regulator_show	16	static
regulator-uclass.c:360:12:regulator_pre_probe	16	static
regulator-uclass.c:334:12:regulator_post_bind	32	static
regulator-uclass.c:14:5:regulator_mode	8	static
regulator-uclass.c:28:5:regulator_get_value	8	static
regulator-uclass.c:84:5:regulator_set_value_force	16	static
regulator-uclass.c:94:5:regulator_get_current	8	static
regulator-uclass.c:104:5:regulator_set_current	16	static
regulator-uclass.c:121:5:regulator_get_enable	8	static
regulator-uclass.c:49:5:regulator_set_value	32	static
regulator-uclass.c:131:5:regulator_set_enable	24	static
regulator-uclass.c:162:5:regulator_set_enable_if_allowed	8	static
regulator-uclass.c:173:5:regulator_get_mode	8	static
regulator-uclass.c:183:5:regulator_set_mode	16	static
regulator-uclass.c:193:5:regulator_get_by_platname	24	static
regulator-uclass.c:220:5:regulator_get_by_devname	0	static
regulator-uclass.c:225:5:device_get_supply_regulator	0	static
regulator-uclass.c:232:5:regulator_autoset	16	static
regulator-uclass.c:269:5:regulator_autoset_by_name	16	static
regulator-uclass.c:285:5:regulator_list_autoset	40	static
regulator-uclass.c:397:5:regulators_enable_boot_on	24	static
