efi_console.c:421:28:efi_cout_enable_cursor	8	static
efi_console.c:390:28:efi_cout_set_cursor_position	24	static
efi_console.c:364:28:efi_cout_clear_screen	8	static
efi_console.c:346:28:efi_cout_set_attribute	8	static
efi_console.c:189:28:efi_cout_test_string	8	static
efi_console.c:376:28:efi_cout_reset	8	static
efi_console.c:820:28:efi_cin_set_state	8	static
efi_console.c:127:28:efi_cout_output_string	32	static
efi_console.c:901:28:efi_cin_unregister_key_notify	16	static
efi_console.c:723:13:efi_cin_empty_buffer	8	static
efi_console.c:945:28:efi_cin_reset	8	static
efi_console.c:744:28:efi_cin_reset_ex	8	static
efi_console.c:850:28:efi_cin_register_key_notify	24	static
efi_console.c:65:12:term_get_char	16	static
efi_console.c:314:28:efi_cout_set_mode	8	static
efi_console.c:293:28:efi_cout_query_mode	16	static
efi_console.c:468:6:set_shift_mask	0	static
efi_console.c:494:12:analyze_modifiers.constprop	24	static
efi_console.c:696:13:efi_cin_check	32	static
efi_console.c:977:28:efi_cin_read_key_stroke	16	static
efi_console.c:1031:20:efi_console_timer_notify	8	static
efi_console.c:1045:20:efi_key_notify	8	static
efi_console.c:776:28:efi_cin_read_key_stroke_ex	16	static
efi_console.c:1059:14:efi_console_register	40	static
