efi_device_path.c:416:17:dp_size	0	static
efi_device_path.c:53:14:dp_alloc	16	static
efi_device_path.c:617:17:dp_part_size	24	static
efi_device_path.c:652:14:dp_part_node	152	static
efi_device_path.c:473:14:dp_fill	16	static
efi_device_path.c:717:14:dp_part_fill	24	static
efi_device_path.c:71:25:efi_dp_next	0	static
efi_device_path.c:89:5:efi_dp_match	16	static
efi_device_path.c:215:31:efi_dp_last_node	8	static
efi_device_path.c:229:13:efi_dp_instance_size	8	static
efi_device_path.c:143:27:find_obj	40	static
efi_device_path.c:189:20:efi_dp_find_obj	16	static
efi_device_path.c:244:13:efi_dp_size	0	static
efi_device_path.c:258:25:efi_dp_dup	16	static
efi_device_path.c:274:25:efi_dp_append	24	static
efi_device_path.c:302:25:efi_dp_append_node	24	static
efi_device_path.c:334:25:efi_dp_create_device_node	16	static
efi_device_path.c:349:25:efi_dp_append_instance	24	static
efi_device_path.c:376:25:efi_dp_get_next_instance	24	static
efi_device_path.c:401:6:efi_dp_is_multi_instance	0	static
efi_device_path.c:603:25:efi_dp_from_dev	16	static
efi_device_path.c:757:25:efi_dp_from_part	16	static
efi_device_path.c:779:25:efi_dp_part_node	16	static
efi_device_path.c:811:25:efi_dp_from_file	24	static
efi_device_path.c:845:25:efi_dp_from_eth	8	static
efi_device_path.c:888:25:efi_dp_from_mem	32	static
efi_device_path.c:925:14:efi_dp_split_file_path	24	static
efi_device_path.c:954:14:efi_dp_from_name	200	static
