efi_hii.c:33:12:efi_hii_packagelist_exists	0	static
efi_hii.c:58:12:efi_hii_package_len	0	static
efi_hii.c:786:1:get_package_list_handle	16	static
efi_hii.c:777:1:set_keyboard_layout	8	static
efi_hii.c:697:1:unregister_package_notify	8	static
efi_hii.c:675:1:register_package_notify	16	static
efi_hii.c:661:1:export_package_lists	16	static
efi_hii.c:575:1:list_package_lists	24	static
efi_hii.c:706:1:find_keyboard_layouts	40	static
efi_hii.c:239:13:remove_guid_package	16	static
efi_hii.c:113:13:remove_strings_package	24	static
efi_hii.c:268:13:free_keyboard_layouts	16	static
efi_hii.c:282:13:remove_keyboard_package	24	static
efi_hii.c:354:13:free_packagelist	8	static
efi_hii.c:474:1:remove_package_list	8	static
efi_hii.c:825:13:language_match	16	static
efi_hii.c:737:1:get_keyboard_layout	32	static
efi_hii.c:1049:1:get_secondary_languages	24	static
efi_hii.c:896:1:get_string	24	static
efi_hii.c:1003:1:get_languages	32	static
efi_hii.c:944:1:set_string	32	static
efi_hii.c:839:1:new_string	32	static
efi_hii.c:365:1:add_packages	48	static
efi_hii.c:490:1:update_package_list	24	static
efi_hii.c:444:1:new_package_list	24	static
