efi_device_path_utilities.c:182:40:create_device_node	16	static
efi_device_path_utilities.c:161:20:is_device_path_multi_instance	8	static
efi_device_path_utilities.c:139:40:get_next_device_path_instance	16	static
efi_device_path_utilities.c:117:40:append_device_path_instance	16	static
efi_device_path_utilities.c:96:40:append_device_node	16	static
efi_device_path_utilities.c:75:40:append_device_path	16	static
efi_device_path_utilities.c:55:40:duplicate_device_path	8	static
efi_device_path_utilities.c:27:27:get_device_path_size	8	static
