efi_boottime.c:562:21:efi_is_event	0	static
efi_boottime.c:132:20:indent_string	16	static
efi_boottime.c:78:5:__efi_entry_check	0	static
efi_boottime.c:90:5:__efi_exit_check	0	static
efi_boottime.c:170:13:efi_queue_event	8	static
efi_boottime.c:1774:21:efi_start_image	24	static
efi_boottime.c:2567:20:efi_set_mem	16	static
efi_boottime.c:2548:20:efi_copy_mem	16	static
efi_boottime.c:2528:28:efi_calculate_crc32	16	static
efi_boottime.c:2038:28:efi_set_watchdog_timer	8	static
efi_boottime.c:2017:28:efi_stall	8	static
efi_boottime.c:1997:28:efi_get_next_monotonic_count	16	static
efi_boottime.c:1267:28:efi_register_protocol_notify	8	static
efi_boottime.c:887:28:efi_close_event	16	static
efi_boottime.c:413:28:efi_free_pool_ext	8	static
efi_boottime.c:391:28:efi_allocate_pool_ext	16	static
efi_boottime.c:362:28:efi_get_memory_map_ext	32	static
efi_boottime.c:336:28:efi_free_pages_ext	16	static
efi_boottime.c:313:28:efi_allocate_pages_ext	24	static
efi_boottime.c:256:29:efi_raise_tpl	16	static
efi_boottime.c:100:6:efi_save_gd	0	static
efi_boottime.c:112:6:efi_restore_gd	0	static
efi_boottime.c:1840:28:efi_exit	16	static
efi_boottime.c:141:13:__efi_nesting	0	static
efi_boottime.c:146:13:__efi_nesting_inc	0	static
efi_boottime.c:151:13:__efi_nesting_dec	0	static
efi_boottime.c:189:14:is_valid_tpl	0	static
efi_boottime.c:213:6:efi_signal_event	24	static
efi_boottime.c:1924:28:efi_exit_boot_services	16	static
efi_boottime.c:867:28:efi_signal_event_ext	16	static
efi_boottime.c:428:6:efi_add_handle	0	static
efi_boottime.c:442:14:efi_create_handle	16	static
efi_boottime.c:591:14:efi_create_event	24	static
efi_boottime.c:654:21:efi_create_event_ex	32	static
efi_boottime.c:683:28:efi_create_event_ext	32	static
efi_boottime.c:705:6:efi_timer_check	32	static
efi_boottime.c:911:28:efi_check_event	16	static
efi_boottime.c:808:28:efi_wait_for_event	32	static
efi_boottime.c:281:20:efi_restore_tpl	8	static
efi_boottime.c:742:14:efi_set_timer	32	static
efi_boottime.c:787:28:efi_set_timer_ext	24	static
efi_boottime.c:933:20:efi_search_obj	0	static
efi_boottime.c:464:14:efi_search_protocol	24	static
efi_boottime.c:497:14:efi_remove_protocol	24	static
efi_boottime.c:2284:28:efi_locate_protocol	32	static
efi_boottime.c:1287:12:efi_search.isra.10	8	static
efi_boottime.c:1321:21:efi_locate_handle	32	static
efi_boottime.c:2238:28:efi_locate_handle_buffer	48	static
efi_boottime.c:1393:28:efi_locate_handle_ext	32	static
efi_boottime.c:2111:28:efi_open_protocol_information	32	static
efi_boottime.c:2062:28:efi_close_protocol	32	static
efi_boottime.c:2327:28:efi_locate_device_path	64	static
efi_boottime.c:522:14:efi_remove_all_protocols	16	static
efi_boottime.c:547:6:efi_delete_handle	8	static
efi_boottime.c:2174:28:efi_protocols_per_handle	24	static
efi_boottime.c:2685:28:efi_open_protocol	48	static
efi_boottime.c:3061:28:efi_disconnect_controller	56	static
efi_boottime.c:1139:21:efi_disconnect_all_drivers	32	static
efi_boottime.c:1177:21:efi_uninstall_protocol	32	static
efi_boottime.c:1233:28:efi_uninstall_protocol_interface	16	static
efi_boottime.c:2766:21:efi_bind_controller	40	static
efi_boottime.c:2750:28:efi_handle_protocol	16	static
efi_boottime.c:2884:28:efi_connect_controller	56	static
efi_boottime.c:1881:28:efi_unload_image	8	static
efi_boottime.c:988:14:efi_add_protocol	24	static
efi_boottime.c:2952:28:efi_reinstall_protocol_interface	24	static
efi_boottime.c:1029:28:efi_install_protocol_interface	24	static
efi_boottime.c:2464:28:efi_uninstall_multiple_protocol_interfaces	24	static
efi_boottime.c:2405:28:efi_install_multiple_protocol_interfaces	32	static
efi_boottime.c:1432:14:efi_install_configuration_table	40	static
efi_boottime.c:1492:28:efi_install_configuration_table_ext	16	static
efi_boottime.c:1514:14:efi_setup_loaded_image	32	static
efi_boottime.c:1606:14:efi_load_image_from_path	48	static
efi_boottime.c:1682:28:efi_load_image	64	static
efi_boottime.c:3220:14:efi_initialize_system_table	16	static
