blk-uclass.c:169:12:get_desc	40	static
blk-uclass.c:640:12:blk_post_probe	8	static
blk-uclass.c:62:13:blk_get_if_type_name	0	static
blk-uclass.c:86:18:blk_get_devnum_by_typename	32	static
blk-uclass.c:143:18:blk_get_by_device	16	static
blk-uclass.c:214:5:blk_list_part	24	static
blk-uclass.c:239:5:blk_print_part_devnum	16	static
blk-uclass.c:254:6:blk_list_devices	24	static
blk-uclass.c:273:5:blk_print_device_num	24	static
blk-uclass.c:287:5:blk_show_device	24	static
blk-uclass.c:337:5:blk_select_hwpart	0	static
blk-uclass.c:349:5:blk_dselect_hwpart	0	static
blk-uclass.c:354:5:blk_first_device	16	static
blk-uclass.c:376:5:blk_next_device	16	static
blk-uclass.c:395:5:blk_find_device	32	static
blk-uclass.c:418:5:blk_get_device	8	static
blk-uclass.c:67:18:blk_get_devnum_by_type	16	static
blk-uclass.c:202:5:blk_select_hwpart_devnum	16	static
blk-uclass.c:429:15:blk_dread	40	static
blk-uclass.c:308:7:blk_read_devnum	24	static
blk-uclass.c:450:15:blk_dwrite	24	static
blk-uclass.c:325:7:blk_write_devnum	24	static
blk-uclass.c:463:15:blk_derase	24	static
blk-uclass.c:476:5:blk_get_from_parent	16	static
blk-uclass.c:502:5:blk_find_max_devnum	24	static
blk-uclass.c:522:5:blk_next_free_devnum	8	static
blk-uclass.c:560:5:blk_create_device	40	static
blk-uclass.c:592:5:blk_create_devicef	72	static
blk-uclass.c:615:5:blk_unbind_all	24	static
