blk_legacy.c:57:12:get_desc	0	static
blk_legacy.c:10:20:blk_driver_lookup_type	0	static
blk_legacy.c:40:13:blk_get_if_type_name	8	static
blk_legacy.c:72:5:blk_list_part	32	static
blk_legacy.c:99:5:blk_print_part_devnum	16	static
blk_legacy.c:117:6:blk_list_devices	24	static
blk_legacy.c:135:5:blk_print_device_num	24	static
blk_legacy.c:152:5:blk_show_device	24	static
blk_legacy.c:177:18:blk_get_devnum_by_type	16	static
blk_legacy.c:191:5:blk_dselect_hwpart	16	static
blk_legacy.c:203:18:blk_get_devnum_by_typename	32	static
blk_legacy.c:217:7:blk_read_devnum	24	static
blk_legacy.c:237:7:blk_write_devnum	24	static
blk_legacy.c:252:5:blk_select_hwpart_devnum	24	static
