pinctrl-uclass.c:134:12:pinconfig_post_bind	32	static
pinctrl-uclass.c:315:12:pinctrl_post_bind	0	static
pinctrl-uclass.c:18:5:pinctrl_decode_pin_config	16	static
pinctrl-uclass.c:37:5:pinctrl_decode_pin_config_dm	8	static
pinctrl-uclass.c:221:5:pinctrl_select_state	64	static
pinctrl-uclass.c:239:5:pinctrl_request	0	static
pinctrl-uclass.c:249:5:pinctrl_request_noflags	0	static
pinctrl-uclass.c:254:5:pinctrl_get_periph_id	0	static
pinctrl-uclass.c:264:5:pinctrl_get_gpio_mux	0	static
pinctrl-uclass.c:274:5:pinctrl_get_pins_count	0	static
pinctrl-uclass.c:284:5:pinctrl_get_pin_name	16	static
pinctrl-uclass.c:297:5:pinctrl_get_pin_muxing	0	static
