eth-uclass.c:41:32:eth_get_uclass_priv	16	static
eth-uclass.c:540:12:eth_pre_remove	8	static
eth-uclass.c:191:12:eth_write_hwaddr	16	static
eth-uclass.c:223:12:on_ethaddr	24	static
eth-uclass.c:468:12:eth_post_probe	32	static
eth-uclass.c:448:12:eth_post_bind	8	static
eth-uclass.c:54:6:eth_set_current_to_next	8	static
eth-uclass.c:71:17:eth_get_dev	8	static
eth-uclass.c:87:6:eth_set_dev	8	static
eth-uclass.c:459:12:eth_pre_unbind	8	static
eth-uclass.c:102:17:eth_get_dev_by_name	32	static
eth-uclass.c:142:16:eth_get_ethaddr	8	static
eth-uclass.c:155:5:eth_init_state_only	8	static
eth-uclass.c:171:6:eth_halt_state_only	8	static
eth-uclass.c:184:5:eth_get_dev_index	8	static
eth-uclass.c:251:5:eth_init	24	static
eth-uclass.c:329:5:eth_is_active	8	static
eth-uclass.c:314:6:eth_halt	8	static
eth-uclass.c:340:5:eth_send	16	static
eth-uclass.c:360:5:eth_rx	24	static
eth-uclass.c:396:5:eth_initialize	24	static
