device.c:637:24:_device_find_global_by_ofnode	16	static
device.c:33:12:device_bind_common.isra.7	48	static
device.c:264:14:alloc_priv	16	static
device.c:219:5:device_bind_with_driver_data	24	static
device.c:228:5:device_bind	24	static
device.c:236:5:device_bind_ofnode	24	static
device.c:244:5:device_bind_by_name	40	static
device.c:308:5:device_probe	16	static
device.c:457:7:dev_get_platdata	8	static
device.c:467:7:dev_get_parent_platdata	8	static
device.c:477:7:dev_get_uclass_platdata	8	static
device.c:487:7:dev_get_priv	8	static
device.c:497:7:dev_get_uclass_priv	8	static
device.c:507:7:dev_get_parent_priv	8	static
device.c:559:5:device_get_child	16	static
device.c:571:5:device_find_child_by_seq	8	static
device.c:591:5:device_get_child_by_seq	32	static
device.c:609:5:device_find_child_by_of_offset	0	static
device.c:626:5:device_get_child_by_of_offset	24	static
device.c:654:5:device_find_global_by_ofnode	8	static
device.c:661:5:device_get_global_by_ofnode	16	static
device.c:669:5:device_find_first_child	0	static
device.c:681:5:device_find_next_child	0	static
device.c:696:5:device_find_first_inactive_child	4	static
device.c:714:5:device_find_first_child_by_uclass	0	static
device.c:731:5:device_find_child_by_name	24	static
device.c:748:17:dev_get_parent	0	static
device.c:753:7:dev_get_driver_data	0	static
device.c:758:13:dev_get_driver_ops	0	static
device.c:766:16:device_get_uclass_id	0	static
device.c:771:13:dev_get_uclass_name	0	static
device.c:779:6:device_has_children	0	static
device.c:784:6:device_has_active_children	16	static
device.c:798:6:device_is_last_sibling	0	static
device.c:807:6:device_set_name_alloced	0	static
device.c:812:5:device_set_name	8	static
device.c:823:6:device_is_compatible	8	static
device.c:828:6:of_machine_is_compatible	8	static
device.c:835:5:dev_disable_by_path	8	static
device.c:865:5:dev_enable_by_path	8	static
