ofnode.c:18:5:ofnode_read_u32	16	static
ofnode.c:42:5:ofnode_read_u32_default	16	static
ofnode.c:50:5:ofnode_read_s32_default	16	static
ofnode.c:58:5:ofnode_read_u64	16	static
ofnode.c:82:5:ofnode_read_u64_default	16	static
ofnode.c:104:13:ofnode_read_string	16	static
ofnode.c:137:8:ofnode_find_subnode	8	static
ofnode.c:163:5:ofnode_read_u32_array	16	static
ofnode.c:179:8:ofnode_first_subnode	8	static
ofnode.c:189:8:ofnode_next_subnode	8	static
ofnode.c:199:8:ofnode_get_parent	8	static
ofnode.c:213:13:ofnode_get_name	0	static
ofnode.c:222:8:ofnode_get_by_phandle	8	static
ofnode.c:235:5:ofnode_read_size	16	static
ofnode.c:429:12:decode_timing_property	32	static
ofnode.c:292:5:ofnode_stringlist_search	8	static
ofnode.c:313:5:ofnode_read_string_index	24	static
ofnode.c:330:5:ofnode_read_string_count	0	static
ofnode.c:358:5:ofnode_parse_phandle_with_args	104	static
ofnode.c:389:5:ofnode_count_phandle_with_args	24	static
ofnode.c:401:8:ofnode_path	8	static
ofnode.c:409:13:ofnode_get_chosen_prop	8	static
ofnode.c:418:8:ofnode_get_chosen_node	8	static
ofnode.c:517:13:ofnode_get_property	0	static
ofnode.c:90:6:ofnode_read_bool	8	static
ofnode.c:452:5:ofnode_decode_display_timing	40	static
ofnode.c:526:6:ofnode_is_available	8	static
ofnode.c:535:12:ofnode_get_addr_size	0	static
ofnode.c:561:16:ofnode_read_u8_array_ptr	0	static
ofnode.c:579:5:ofnode_read_pci_addr	32	static
ofnode.c:633:5:ofnode_read_pci_vendev	32	static
ofnode.c:669:5:ofnode_read_addr_cells	0	static
ofnode.c:677:5:ofnode_read_size_cells	0	static
ofnode.c:685:5:ofnode_read_simple_addr_cells	0	static
ofnode.c:693:5:ofnode_read_simple_size_cells	0	static
ofnode.c:254:12:ofnode_get_addr_index	40	static
ofnode.c:287:12:ofnode_get_addr	0	static
ofnode.c:701:6:ofnode_pre_reloc	8	static
ofnode.c:727:5:ofnode_read_resource	24	static
ofnode.c:747:5:ofnode_read_resource_byname	16	static
ofnode.c:759:5:ofnode_translate_address	0	static
ofnode.c:767:5:ofnode_device_is_compatible	8	static
ofnode.c:778:8:ofnode_by_compatible	8	static
ofnode.c:790:8:ofnode_by_prop_value	16	static
ofnode.c:804:5:ofnode_write_prop	0	static
ofnode.c:851:5:ofnode_write_string	0	static
ofnode.c:863:5:ofnode_set_enabled	0	static
