uclass.c:22:16:uclass_find	0	static
uclass.c:104:5:uclass_destroy	16	static
uclass.c:138:5:uclass_get	24	static
uclass.c:151:13:uclass_get_name	16	static
uclass.c:160:16:uclass_get_by_name	16	static
uclass.c:174:5:dev_get_uclass_index	8	static
uclass.c:195:5:uclass_find_device	24	static
uclass.c:218:5:uclass_find_first_device	16	static
uclass.c:235:5:uclass_find_next_device	0	static
uclass.c:248:5:uclass_find_device_by_name	32	static
uclass.c:296:5:uclass_find_device_by_seq	24	static
uclass.c:325:5:uclass_find_device_by_of_offset	24	static
uclass.c:349:5:uclass_find_device_by_ofnode	24	static
uclass.c:381:5:uclass_find_device_by_phandle	24	static
uclass.c:412:5:uclass_get_device_by_driver	24	static
uclass.c:432:5:uclass_get_device_tail	16	static
uclass.c:447:5:uclass_get_device	16	static
uclass.c:457:5:uclass_get_device_by_name	16	static
uclass.c:468:5:uclass_get_device_by_seq	24	static
uclass.c:485:5:uclass_get_device_by_of_offset	16	static
uclass.c:496:5:uclass_get_device_by_ofnode	16	static
uclass.c:512:5:uclass_get_device_by_phandle_id	24	static
uclass.c:538:5:uclass_get_device_by_phandle	16	static
uclass.c:550:5:uclass_first_device	16	static
uclass.c:562:5:uclass_first_device_err	8	static
uclass.c:575:5:uclass_next_device	16	static
uclass.c:587:5:uclass_next_device_err	8	static
uclass.c:600:5:uclass_first_device_check	8	static
uclass.c:614:5:uclass_next_device_check	8	static
uclass.c:627:5:uclass_bind_device	8	static
uclass.c:654:5:uclass_unbind_device	8	static
uclass.c:671:5:uclass_resolve_seq	24	static
uclass.c:702:5:uclass_pre_probe_device	8	static
uclass.c:723:5:uclass_post_probe_device	8	static
uclass.c:745:5:uclass_pre_remove_device	0	static
